Archive member included to satisfy reference by file (symbol)

C:/devkitPro/portlibs/3ds/lib\libSDL.a(SDL.o)
                              main.o (SDL_Init)
C:/devkitPro/portlibs/3ds/lib\libSDL.a(SDL_error.o)
                              C:/devkitPro/portlibs/3ds/lib\libSDL.a(SDL.o) (SDL_SetError)
C:/devkitPro/portlibs/3ds/lib\libSDL.a(SDL_fatal.o)
                              C:/devkitPro/portlibs/3ds/lib\libSDL.a(SDL.o) (SDL_InstallParachute)
C:/devkitPro/portlibs/3ds/lib\libSDL.a(SDL_audio.o)
                              C:/devkitPro/portlibs/3ds/lib\libSDL.a(SDL.o) (SDL_AudioQuit)
C:/devkitPro/portlibs/3ds/lib\libSDL.a(SDL_audiocvt.o)
                              C:/devkitPro/portlibs/3ds/lib\libSDL.a(SDL_audio.o) (SDL_ConvertAudio)
C:/devkitPro/portlibs/3ds/lib\libSDL.a(SDL_thread.o)
                              C:/devkitPro/portlibs/3ds/lib\libSDL.a(SDL_error.o) (SDL_GetErrBuf)
C:/devkitPro/portlibs/3ds/lib\libSDL.a(SDL_timer.o)
                              C:/devkitPro/portlibs/3ds/lib\libSDL.a(SDL.o) (SDL_TimerQuit)
C:/devkitPro/portlibs/3ds/lib\libSDL.a(SDL_pixels.o)
                              main.o (SDL_MapRGB)
C:/devkitPro/portlibs/3ds/lib\libSDL.a(SDL_surface.o)
                              main.o (SDL_FillRect)
C:/devkitPro/portlibs/3ds/lib\libSDL.a(SDL_video.o)
                              C:/devkitPro/portlibs/3ds/lib\libSDL.a(SDL_surface.o) (SDL_GetVideoInfo)
C:/devkitPro/portlibs/3ds/lib\libSDL.a(SDL_joystick.o)
                              C:/devkitPro/portlibs/3ds/lib\libSDL.a(SDL.o) (SDL_JoystickInit)
C:/devkitPro/portlibs/3ds/lib\libSDL.a(SDL_systimer.o)
                              C:/devkitPro/portlibs/3ds/lib\libSDL.a(SDL.o) (SDL_StartTicks)
C:/devkitPro/portlibs/3ds/lib\libSDL.a(SDL_n3dsaudio.o)
                              C:/devkitPro/portlibs/3ds/lib\libSDL.a(SDL_audio.o) (N3DSAUD_bootstrap)
C:/devkitPro/portlibs/3ds/lib\libSDL.a(SDL_sysjoystick.o)
                              C:/devkitPro/portlibs/3ds/lib\libSDL.a(SDL_joystick.o) (SDL_SYS_JoystickInit)
C:/devkitPro/portlibs/3ds/lib\libSDL.a(SDL_sysmutex.o)
                              C:/devkitPro/portlibs/3ds/lib\libSDL.a(SDL_audio.o) (SDL_CreateMutex)
C:/devkitPro/portlibs/3ds/lib\libSDL.a(SDL_syssem.o)
                              C:/devkitPro/portlibs/3ds/lib\libSDL.a(SDL_thread.o) (SDL_CreateSemaphore)
C:/devkitPro/portlibs/3ds/lib\libSDL.a(SDL_systhread.o)
                              C:/devkitPro/portlibs/3ds/lib\libSDL.a(SDL_thread.o) (SDL_SYS_CreateThread)
C:/devkitPro/portlibs/3ds/lib\libSDL.a(SDL_n3dsvideo.o)
                              C:/devkitPro/portlibs/3ds/lib\libSDL.a(SDL_video.o) (N3DS_bootstrap)
C:/devkitPro/portlibs/3ds/lib\libSDL.a(SDL_events.o)
                              C:/devkitPro/portlibs/3ds/lib\libSDL.a(SDL_joystick.o) (SDL_Lock_EventThread)
C:/devkitPro/portlibs/3ds/lib\libSDL.a(SDL_keyboard.o)
                              C:/devkitPro/portlibs/3ds/lib\libSDL.a(SDL_events.o) (SDL_KeyboardInit)
C:/devkitPro/portlibs/3ds/lib\libSDL.a(SDL_mouse.o)
                              C:/devkitPro/portlibs/3ds/lib\libSDL.a(SDL_events.o) (SDL_MouseInit)
C:/devkitPro/portlibs/3ds/lib\libSDL.a(SDL_quit.o)
                              C:/devkitPro/portlibs/3ds/lib\libSDL.a(SDL_events.o) (SDL_QuitInit)
C:/devkitPro/portlibs/3ds/lib\libSDL.a(SDL_resize.o)
                              C:/devkitPro/portlibs/3ds/lib\libSDL.a(SDL_video.o) (SDL_PrivateResize)
C:/devkitPro/portlibs/3ds/lib\libSDL.a(SDL_string.o)
                              C:/devkitPro/portlibs/3ds/lib\libSDL.a(SDL_pixels.o) (SDL_memcmp)
C:/devkitPro/portlibs/3ds/lib\libSDL.a(SDL_RLEaccel.o)
                              C:/devkitPro/portlibs/3ds/lib\libSDL.a(SDL_pixels.o) (SDL_UnRLESurface)
C:/devkitPro/portlibs/3ds/lib\libSDL.a(SDL_blit.o)
                              C:/devkitPro/portlibs/3ds/lib\libSDL.a(SDL_pixels.o) (SDL_CalculateBlit)
C:/devkitPro/portlibs/3ds/lib\libSDL.a(SDL_blit_0.o)
                              C:/devkitPro/portlibs/3ds/lib\libSDL.a(SDL_blit.o) (SDL_CalculateBlit0)
C:/devkitPro/portlibs/3ds/lib\libSDL.a(SDL_blit_1.o)
                              C:/devkitPro/portlibs/3ds/lib\libSDL.a(SDL_blit.o) (SDL_CalculateBlit1)
C:/devkitPro/portlibs/3ds/lib\libSDL.a(SDL_blit_N.o)
                              C:/devkitPro/portlibs/3ds/lib\libSDL.a(SDL_blit.o) (SDL_CalculateBlitN)
C:/devkitPro/portlibs/3ds/lib\libSDL.a(SDL_cursor.o)
                              C:/devkitPro/portlibs/3ds/lib\libSDL.a(SDL_video.o) (SDL_CursorPaletteChanged)
C:/devkitPro/portlibs/3ds/lib\libSDL.a(vshader.shbin.o)
                              C:/devkitPro/portlibs/3ds/lib\libSDL.a(SDL_n3dsvideo.o) (vshader_shbin)
C:/devkitPro/portlibs/3ds/lib\libSDL.a(SDL_n3dsevents.o)
                              C:/devkitPro/portlibs/3ds/lib\libSDL.a(SDL_n3dsvideo.o) (N3DS_PumpEvents)
C:/devkitPro/portlibs/3ds/lib\libSDL.a(SDL_cpuinfo.o)
                              C:/devkitPro/portlibs/3ds/lib\libSDL.a(SDL_blit_N.o) (SDL_HasMMX)
[...]
Memory Configuration

Name             Origin             Length             Attributes
*default*        0x0000000000000000 0xffffffffffffffff

Linker script and memory map

                0x0000000000100000                PROVIDE (__start__ = 0x100000)
                0x0000000000100000                . = __start__

.text           0x0000000000100000    0x42fa8
 *(.crt0)
 .crt0          0x0000000000100000       0x94 c:/devkitpro/devkitarm/bin/../lib/gcc/arm-none-eabi/12.1.0/../../../../arm-none-eabi/lib/armv6k/fpu/3dsx_crt0.o
                0x0000000000100000                _start
                0x0000000000100008                __service_ptr
                0x000000000010000c                __apt_appid
                0x0000000000100010                __heap_size
                0x0000000000100014                __linear_heap_size
                0x0000000000100018                __system_arglist
                0x000000000010001c                __system_runflags
 *(.init)
 .init          0x0000000000100094        0xc c:/devkitpro/devkitarm/bin/../lib/gcc/arm-none-eabi/12.1.0/armv6k/fpu/crti.o
                0x0000000000100094                _init
 .init          0x00000000001000a0        0xc c:/devkitpro/devkitarm/bin/../lib/gcc/arm-none-eabi/12.1.0/armv6k/fpu/crtn.o
                0x00000000001000ac                . = ALIGN (0x4)
 *(.text)
 .text          0x00000000001000ac      0x20c c:/devkitpro/devkitarm/bin/../lib/gcc/arm-none-eabi/12.1.0/armv6k/fpu\libgcc.a(_udivsi3.o)
                0x00000000001000ac                __aeabi_uidiv
                0x00000000001000ac                __udivsi3
                0x0000000000100298                __aeabi_uidivmod
 .text          0x00000000001002b8      0x240 c:/devkitpro/devkitarm/bin/../lib/gcc/arm-none-eabi/12.1.0/armv6k/fpu\libgcc.a(_divsi3.o)
                0x00000000001002b8                __divsi3
                0x00000000001002b8                __aeabi_idiv
                0x00000000001004d8                __aeabi_idivmod
 .text          0x00000000001004f8        0x4 c:/devkitpro/devkitarm/bin/../lib/gcc/arm-none-eabi/12.1.0/armv6k/fpu\libgcc.a(_dvmd_tls.o)
                0x00000000001004f8                __aeabi_idiv0
                0x00000000001004f8                __aeabi_ldiv0
 .text          0x00000000001004fc       0xd4 c:/devkitpro/devkitarm/bin/../lib/gcc/arm-none-eabi/12.1.0/armv6k/fpu\libgcc.a(_aeabi_ldivmod.o)
                0x00000000001004fc                __aeabi_ldivmod
 .text          0x00000000001005d0       0x3c c:/devkitpro/devkitarm/bin/../lib/gcc/arm-none-eabi/12.1.0/armv6k/fpu\libgcc.a(_aeabi_uldivmod.o)
                0x00000000001005d0                __aeabi_uldivmod
 *fill*         0x000000000010060c       0x14 
 .text          0x0000000000100620      0x390 c:/devkitpro/devkitarm/bin/../lib/gcc/arm-none-eabi/12.1.0/../../../../arm-none-eabi/lib/armv6k/fpu\libg.a(lib_a-strcmp.o)
                0x0000000000100628                strcmp
 .text          0x00000000001009b0      0x3c0 c:/devkitpro/devkitarm/bin/../lib/gcc/arm-none-eabi/12.1.0/armv6k/fpu\libgcc.a(_arm_addsubdf3.o)
                0x00000000001009b0                __aeabi_drsub
                0x00000000001009b8                __aeabi_dsub
                0x00000000001009b8                __subdf3
                0x00000000001009bc                __aeabi_dadd
                0x00000000001009bc                __adddf3
                0x0000000000100c68                __floatunsidf
                0x0000000000100c68                __aeabi_ui2d
                0x0000000000100c8c                __floatsidf
                0x0000000000100c8c                __aeabi_i2d
                0x0000000000100cb4                __aeabi_f2d
                0x0000000000100cb4                __extendsfdf2
                0x0000000000100cfc                __floatundidf
                0x0000000000100cfc                __aeabi_ul2d
                0x0000000000100d10                __floatdidf
                0x0000000000100d10                __aeabi_l2d
 *(.text.*)
 .text.__do_global_dtors_aux
                0x0000000000100d70       0x40 c:/devkitpro/devkitarm/bin/../lib/gcc/arm-none-eabi/12.1.0/armv6k/fpu/crtbegin.o
 .text.frame_dummy
                0x0000000000100db0       0x2c c:/devkitpro/devkitarm/bin/../lib/gcc/arm-none-eabi/12.1.0/armv6k/fpu/crtbegin.o
 .text.ringInit.part.0
                0x0000000000100ddc       0x24 main.o
 .text.ringNext.part.0
                0x0000000000100e00       0x24 main.o
 .text.ringPrev.part.0
                0x0000000000100e24       0x24 main.o
 .text.foodCollidesWithSnake
                0x0000000000100e48       0xa0 main.o
                0x0000000000100e48                foodCollidesWithSnake
 .text.snakeCollidesWithSnake
                0x0000000000100ee8       0xbc main.o
                0x0000000000100ee8                snakeCollidesWithSnake
 .text.wouldBeOutOfBounds
                0x0000000000100fa4       0xa4 main.o
                0x0000000000100fa4                wouldBeOutOfBounds
 .text.moveSnake
                0x0000000000101048      0x158 main.o
                0x0000000000101048                moveSnake
 .text.restart  0x00000000001011a0       0x90 main.o
                0x00000000001011a0                restart
 .text.getDirection
                0x0000000000101230       0x80 main.o
                0x0000000000101230                getDirection
 .text.drawSnake
                0x00000000001012b0      0x234 main.o
                0x00000000001012b0                drawSnake
 .text.draw     0x00000000001014e4       0xd8 main.o
                0x00000000001014e4                draw
 .text.update   0x00000000001015bc      0x120 main.o
                0x00000000001015bc                update
 .text.init     0x00000000001016dc      0x128 main.o
                0x00000000001016dc                init
 .text.startup.main
                0x0000000000101804       0x94 main.o
                0x0000000000101804                main
 .text.SDL_InitSubSystem
                0x0000000000101898      0x158 C:/devkitPro/portlibs/3ds/lib\libSDL.a(SDL.o)
                0x0000000000101898                SDL_InitSubSystem
 .text.SDL_Init
                0x00000000001019f0       0x40 C:/devkitPro/portlibs/3ds/lib\libSDL.a(SDL.o)
                0x00000000001019f0                SDL_Init
 .text.SDL_QuitSubSystem
                0x0000000000101a30       0x9c C:/devkitPro/portlibs/3ds/lib\libSDL.a(SDL.o)
                0x0000000000101a30                SDL_QuitSubSystem
 .text.SDL_Quit
                0x0000000000101acc       0x18 C:/devkitPro/portlibs/3ds/lib\libSDL.a(SDL.o)
                0x0000000000101acc                SDL_Quit
 .text.SDL_SetError
                0x0000000000101ae4      0x1b8 C:/devkitPro/portlibs/3ds/lib\libSDL.a(SDL_error.o)
                0x0000000000101ae4                SDL_SetError
 .text.SDL_ClearError
                0x0000000000101c9c       0x14 C:/devkitPro/portlibs/3ds/lib\libSDL.a(SDL_error.o)
                0x0000000000101c9c                SDL_ClearError
 .text.SDL_Error
                0x0000000000101cb0       0x58 C:/devkitPro/portlibs/3ds/lib\libSDL.a(SDL_error.o)
                0x0000000000101cb0                SDL_Error
 .text.SDL_Parachute
                0x0000000000101d08       0x20 C:/devkitPro/portlibs/3ds/lib\libSDL.a(SDL_fatal.o)
 .text.SDL_InstallParachute
                0x0000000000101d28       0x4c C:/devkitPro/portlibs/3ds/lib\libSDL.a(SDL_fatal.o)
                0x0000000000101d28                SDL_InstallParachute
 .text.SDL_UninstallParachute
                0x0000000000101d74       0x50 C:/devkitPro/portlibs/3ds/lib\libSDL.a(SDL_fatal.o)
                0x0000000000101d74                SDL_UninstallParachute
 .text.SDL_LockAudio_Default
                0x0000000000101dc4       0x30 C:/devkitPro/portlibs/3ds/lib\libSDL.a(SDL_audio.o)
 .text.SDL_UnlockAudio_Default
                0x0000000000101df4       0x30 C:/devkitPro/portlibs/3ds/lib\libSDL.a(SDL_audio.o)
 .text.SDL_AudioQuit
                0x0000000000101e24       0xac C:/devkitPro/portlibs/3ds/lib\libSDL.a(SDL_audio.o)
                0x0000000000101e24                SDL_AudioQuit
 .text.SDL_AudioInit
                0x0000000000101ed0      0x104 C:/devkitPro/portlibs/3ds/lib\libSDL.a(SDL_audio.o)
                0x0000000000101ed0                SDL_AudioInit
 .text.SDL_FirstAudioFormat
                0x0000000000101fd4       0xa8 C:/devkitPro/portlibs/3ds/lib\libSDL.a(SDL_audio.o)
                0x0000000000101fd4                SDL_FirstAudioFormat
 .text.SDL_NextAudioFormat
                0x000000000010207c       0x54 C:/devkitPro/portlibs/3ds/lib\libSDL.a(SDL_audio.o)
                0x000000000010207c                SDL_NextAudioFormat
 .text.SDL_CalculateAudioSpec
                0x00000000001020d0       0x38 C:/devkitPro/portlibs/3ds/lib\libSDL.a(SDL_audio.o)
                0x00000000001020d0                SDL_CalculateAudioSpec
 .text.SDL_DelThread.part.0
                0x0000000000102108       0xb8 C:/devkitPro/portlibs/3ds/lib\libSDL.a(SDL_thread.o)
 .text.SDL_GetErrBuf
                0x00000000001021c0       0x9c C:/devkitPro/portlibs/3ds/lib\libSDL.a(SDL_thread.o)
                0x00000000001021c0                SDL_GetErrBuf
 .text.SDL_RunThread
                0x000000000010225c       0x3c C:/devkitPro/portlibs/3ds/lib\libSDL.a(SDL_thread.o)
                0x000000000010225c                SDL_RunThread
 .text.SDL_CreateThread
                0x0000000000102298      0x184 C:/devkitPro/portlibs/3ds/lib\libSDL.a(SDL_thread.o)
                0x0000000000102298                SDL_CreateThread
 .text.SDL_WaitThread
                0x000000000010241c       0x4c C:/devkitPro/portlibs/3ds/lib\libSDL.a(SDL_thread.o)
                0x000000000010241c                SDL_WaitThread
 .text.callback_wrapper
                0x0000000000102468        0x4 C:/devkitPro/portlibs/3ds/lib\libSDL.a(SDL_timer.o)
 .text.SDL_AddTimerInternal
                0x000000000010246c       0x8c C:/devkitPro/portlibs/3ds/lib\libSDL.a(SDL_timer.o)
 .text.SDL_SetTimerThreaded
                0x00000000001024f8       0x44 C:/devkitPro/portlibs/3ds/lib\libSDL.a(SDL_timer.o)
                0x00000000001024f8                SDL_SetTimerThreaded
 .text.SDL_ThreadedTimerCheck
                0x000000000010253c      0x13c C:/devkitPro/portlibs/3ds/lib\libSDL.a(SDL_timer.o)
                0x000000000010253c                SDL_ThreadedTimerCheck
 .text.SDL_SetTimer
                0x0000000000102678      0x154 C:/devkitPro/portlibs/3ds/lib\libSDL.a(SDL_timer.o)
                0x0000000000102678                SDL_SetTimer
 .text.SDL_TimerQuit
                0x00000000001027cc       0x68 C:/devkitPro/portlibs/3ds/lib\libSDL.a(SDL_timer.o)
                0x00000000001027cc                SDL_TimerQuit
 .text.SDL_TimerInit
                0x0000000000102834       0x98 C:/devkitPro/portlibs/3ds/lib\libSDL.a(SDL_timer.o)
                0x0000000000102834                SDL_TimerInit
 .text.SDL_DitherColors.part.0
                0x00000000001028cc       0x5c C:/devkitPro/portlibs/3ds/lib\libSDL.a(SDL_pixels.o)
 .text.SDL_FormatChanged
                0x0000000000102928       0x54 C:/devkitPro/portlibs/3ds/lib\libSDL.a(SDL_pixels.o)
                0x0000000000102928                SDL_FormatChanged
 .text.SDL_FreeFormat
                0x000000000010297c       0x40 C:/devkitPro/portlibs/3ds/lib\libSDL.a(SDL_pixels.o)
                0x000000000010297c                SDL_FreeFormat
 .text.SDL_AllocFormat
                0x00000000001029bc      0x4c4 C:/devkitPro/portlibs/3ds/lib\libSDL.a(SDL_pixels.o)
                0x00000000001029bc                SDL_AllocFormat
 .text.SDL_ReallocFormat
                0x0000000000102e80      0x100 C:/devkitPro/portlibs/3ds/lib\libSDL.a(SDL_pixels.o)
                0x0000000000102e80                SDL_ReallocFormat
 .text.SDL_DitherColors
                0x0000000000102f80        0xc C:/devkitPro/portlibs/3ds/lib\libSDL.a(SDL_pixels.o)
                0x0000000000102f80                SDL_DitherColors
 .text.SDL_CalculatePitch
                0x0000000000102f8c       0x54 C:/devkitPro/portlibs/3ds/lib\libSDL.a(SDL_pixels.o)
                0x0000000000102f8c                SDL_CalculatePitch
 .text.SDL_FindColor
                0x0000000000102fe0       0x7c C:/devkitPro/portlibs/3ds/lib\libSDL.a(SDL_pixels.o)
                0x0000000000102fe0                SDL_FindColor
 .text.Map1to1  0x000000000010305c       0xa4 C:/devkitPro/portlibs/3ds/lib\libSDL.a(SDL_pixels.o)
 .text.MapNto1.constprop.0.isra.0
                0x0000000000103100       0x58 C:/devkitPro/portlibs/3ds/lib\libSDL.a(SDL_pixels.o)
 .text.SDL_MapRGB
                0x0000000000103158       0x64 C:/devkitPro/portlibs/3ds/lib\libSDL.a(SDL_pixels.o)
                0x0000000000103158                SDL_MapRGB
 .text.SDL_AllocBlitMap
                0x00000000001031bc       0x5c C:/devkitPro/portlibs/3ds/lib\libSDL.a(SDL_pixels.o)
                0x00000000001031bc                SDL_AllocBlitMap
 .text.SDL_InvalidateMap
                0x0000000000103218       0x34 C:/devkitPro/portlibs/3ds/lib\libSDL.a(SDL_pixels.o)
                0x0000000000103218                SDL_InvalidateMap
 .text.SDL_MapSurface
                0x000000000010324c      0x320 C:/devkitPro/portlibs/3ds/lib\libSDL.a(SDL_pixels.o)
                0x000000000010324c                SDL_MapSurface
 .text.SDL_FreeBlitMap
                0x000000000010356c       0x38 C:/devkitPro/portlibs/3ds/lib\libSDL.a(SDL_pixels.o)
                0x000000000010356c                SDL_FreeBlitMap
 .text.SDL_SetClipRect
                0x00000000001035a4       0xa4 C:/devkitPro/portlibs/3ds/lib\libSDL.a(SDL_surface.o)
                0x00000000001035a4                SDL_SetClipRect
 .text.SDL_LowerBlit
                0x0000000000103648      0x120 C:/devkitPro/portlibs/3ds/lib\libSDL.a(SDL_surface.o)
                0x0000000000103648                SDL_LowerBlit
 .text.SDL_LockSurface
                0x0000000000103768       0x94 C:/devkitPro/portlibs/3ds/lib\libSDL.a(SDL_surface.o)
                0x0000000000103768                SDL_LockSurface
 .text.SDL_UnlockSurface
                0x00000000001037fc       0x64 C:/devkitPro/portlibs/3ds/lib\libSDL.a(SDL_surface.o)
                0x00000000001037fc                SDL_UnlockSurface
 .text.SDL_FillRect
                0x0000000000103860      0x484 C:/devkitPro/portlibs/3ds/lib\libSDL.a(SDL_surface.o)
                0x0000000000103860                SDL_FillRect
 .text.SDL_FreeSurface
                0x0000000000103ce4      0x150 C:/devkitPro/portlibs/3ds/lib\libSDL.a(SDL_surface.o)
                0x0000000000103ce4                SDL_FreeSurface
 .text.SDL_CreateRGBSurface
                0x0000000000103e34      0x294 C:/devkitPro/portlibs/3ds/lib\libSDL.a(SDL_surface.o)
                0x0000000000103e34                SDL_CreateRGBSurface
 .text.SDL_WM_GrabInputRaw
                0x00000000001040c8       0x90 C:/devkitPro/portlibs/3ds/lib\libSDL.a(SDL_video.o)
 .text.SDL_VideoModeOK
                0x0000000000104158      0x15c C:/devkitPro/portlibs/3ds/lib\libSDL.a(SDL_video.o)
                0x0000000000104158                SDL_VideoModeOK
 .text.SDL_UpdateRects
                0x00000000001042b4      0x264 C:/devkitPro/portlibs/3ds/lib\libSDL.a(SDL_video.o)
                0x00000000001042b4                SDL_UpdateRects
 .text.SDL_Flip
                0x0000000000104518      0x174 C:/devkitPro/portlibs/3ds/lib\libSDL.a(SDL_video.o)
                0x0000000000104518                SDL_Flip
 .text.SDL_VideoQuit
                0x000000000010468c      0x118 C:/devkitPro/portlibs/3ds/lib\libSDL.a(SDL_video.o)
                0x000000000010468c                SDL_VideoQuit
 .text.SDL_VideoInit
                0x00000000001047a4      0x21c C:/devkitPro/portlibs/3ds/lib\libSDL.a(SDL_video.o)
                0x00000000001047a4                SDL_VideoInit
 .text.SDL_WM_GrabInput
                0x00000000001049c0       0x68 C:/devkitPro/portlibs/3ds/lib\libSDL.a(SDL_video.o)
                0x00000000001049c0                SDL_WM_GrabInput
 .text.SDL_SetVideoMode
                0x0000000000104a28      0x80c C:/devkitPro/portlibs/3ds/lib\libSDL.a(SDL_video.o)
                0x0000000000104a28                SDL_SetVideoMode
 .text.SDL_JoystickClose.part.0
                0x0000000000105234       0xc0 C:/devkitPro/portlibs/3ds/lib\libSDL.a(SDL_joystick.o)
 .text.SDL_JoystickInit
                0x00000000001052f4       0x68 C:/devkitPro/portlibs/3ds/lib\libSDL.a(SDL_joystick.o)
                0x00000000001052f4                SDL_JoystickInit
 .text.SDL_JoystickQuit
                0x000000000010535c       0xa0 C:/devkitPro/portlibs/3ds/lib\libSDL.a(SDL_joystick.o)
                0x000000000010535c                SDL_JoystickQuit
 .text.SDL_PrivateJoystickAxis
                0x00000000001053fc       0x9c C:/devkitPro/portlibs/3ds/lib\libSDL.a(SDL_joystick.o)
                0x00000000001053fc                SDL_PrivateJoystickAxis
 .text.SDL_PrivateJoystickHat
                0x0000000000105498       0x8c C:/devkitPro/portlibs/3ds/lib\libSDL.a(SDL_joystick.o)
                0x0000000000105498                SDL_PrivateJoystickHat
 .text.SDL_PrivateJoystickButton
                0x0000000000105524       0xac C:/devkitPro/portlibs/3ds/lib\libSDL.a(SDL_joystick.o)
                0x0000000000105524                SDL_PrivateJoystickButton
 .text.SDL_JoystickUpdate
                0x00000000001055d0       0x3c C:/devkitPro/portlibs/3ds/lib\libSDL.a(SDL_joystick.o)
                0x00000000001055d0                SDL_JoystickUpdate
 .text.SDL_StartTicks
                0x000000000010560c       0x18 C:/devkitPro/portlibs/3ds/lib\libSDL.a(SDL_systimer.o)
                0x000000000010560c                SDL_StartTicks
 .text.SDL_GetTicks
                0x0000000000105624       0x68 C:/devkitPro/portlibs/3ds/lib\libSDL.a(SDL_systimer.o)
                0x0000000000105624                SDL_GetTicks
 .text.SDL_Delay
                0x000000000010568c       0x10 C:/devkitPro/portlibs/3ds/lib\libSDL.a(SDL_systimer.o)
                0x000000000010568c                SDL_Delay
 .text.SDL_SYS_TimerInit
                0x000000000010569c        0x8 C:/devkitPro/portlibs/3ds/lib\libSDL.a(SDL_systimer.o)
                0x000000000010569c                SDL_SYS_TimerInit
 .text.SDL_SYS_TimerQuit
                0x00000000001056a4        0x4 C:/devkitPro/portlibs/3ds/lib\libSDL.a(SDL_systimer.o)
                0x00000000001056a4                SDL_SYS_TimerQuit
 .text.SDL_SYS_StartTimer
                0x00000000001056a8       0x18 C:/devkitPro/portlibs/3ds/lib\libSDL.a(SDL_systimer.o)
                0x00000000001056a8                SDL_SYS_StartTimer
 .text.SDL_SYS_StopTimer
                0x00000000001056c0        0x4 C:/devkitPro/portlibs/3ds/lib\libSDL.a(SDL_systimer.o)
                0x00000000001056c0                SDL_SYS_StopTimer
 .text.N3DSAUD_Available
                0x00000000001056c4        0x8 C:/devkitPro/portlibs/3ds/lib\libSDL.a(SDL_n3dsaudio.o)
 .text.N3DSAUD_GetAudioBuf
                0x00000000001056cc        0xc C:/devkitPro/portlibs/3ds/lib\libSDL.a(SDL_n3dsaudio.o)
 .text.N3DSAUD_CreateDevice
                0x00000000001056d8      0x138 C:/devkitPro/portlibs/3ds/lib\libSDL.a(SDL_n3dsaudio.o)
 .text.N3DSAUD_DeleteDevice
                0x0000000000105810       0x5c C:/devkitPro/portlibs/3ds/lib\libSDL.a(SDL_n3dsaudio.o)
 .text.N3DSAUD_UnlockAudio
                0x000000000010586c        0xc C:/devkitPro/portlibs/3ds/lib\libSDL.a(SDL_n3dsaudio.o)
 .text.N3DSAUD_LockAudio
                0x0000000000105878        0xc C:/devkitPro/portlibs/3ds/lib\libSDL.a(SDL_n3dsaudio.o)
 .text.N3DSAUD_CloseAudio
                0x0000000000105884       0xc4 C:/devkitPro/portlibs/3ds/lib\libSDL.a(SDL_n3dsaudio.o)
 .text.audioFrameFinished
                0x0000000000105948       0x74 C:/devkitPro/portlibs/3ds/lib\libSDL.a(SDL_n3dsaudio.o)
 .text.N3DSAUD_PlayAudio
                0x00000000001059bc       0xa8 C:/devkitPro/portlibs/3ds/lib\libSDL.a(SDL_n3dsaudio.o)
 .text.N3DSAUD_WaitAudio
                0x0000000000105a64       0x78 C:/devkitPro/portlibs/3ds/lib\libSDL.a(SDL_n3dsaudio.o)
 .text.N3DSAUD_OpenAudio
                0x0000000000105adc      0x268 C:/devkitPro/portlibs/3ds/lib\libSDL.a(SDL_n3dsaudio.o)
 .text.N3DSAUD_DspHook
                0x0000000000105d44       0x5c C:/devkitPro/portlibs/3ds/lib\libSDL.a(SDL_n3dsaudio.o)
 .text.SDL_SYS_JoystickInit
                0x0000000000105da0       0x14 C:/devkitPro/portlibs/3ds/lib\libSDL.a(SDL_sysjoystick.o)
                0x0000000000105da0                SDL_SYS_JoystickInit
 .text.SDL_SYS_JoystickUpdate
                0x0000000000105db4      0x498 C:/devkitPro/portlibs/3ds/lib\libSDL.a(SDL_sysjoystick.o)
                0x0000000000105db4                SDL_SYS_JoystickUpdate
 .text.SDL_SYS_JoystickClose
                0x000000000010624c        0x4 C:/devkitPro/portlibs/3ds/lib\libSDL.a(SDL_sysjoystick.o)
                0x000000000010624c                SDL_SYS_JoystickClose
 .text.SDL_SYS_JoystickQuit
                0x0000000000106250        0x4 C:/devkitPro/portlibs/3ds/lib\libSDL.a(SDL_sysjoystick.o)
                0x0000000000106250                SDL_SYS_JoystickQuit
 .text.SDL_CreateMutex
                0x0000000000106254       0x28 C:/devkitPro/portlibs/3ds/lib\libSDL.a(SDL_sysmutex.o)
                0x0000000000106254                SDL_CreateMutex
 .text.SDL_DestroyMutex
                0x000000000010627c        0xc C:/devkitPro/portlibs/3ds/lib\libSDL.a(SDL_sysmutex.o)
                0x000000000010627c                SDL_DestroyMutex
 .text.SDL_mutexP
                0x0000000000106288       0x2c C:/devkitPro/portlibs/3ds/lib\libSDL.a(SDL_sysmutex.o)
                0x0000000000106288                SDL_mutexP
 .text.SDL_mutexV
                0x00000000001062b4       0x2c C:/devkitPro/portlibs/3ds/lib\libSDL.a(SDL_sysmutex.o)
                0x00000000001062b4                SDL_mutexV
 .text.SDL_CreateSemaphore
                0x00000000001062e0       0x34 C:/devkitPro/portlibs/3ds/lib\libSDL.a(SDL_syssem.o)
                0x00000000001062e0                SDL_CreateSemaphore
 .text.SDL_DestroySemaphore
                0x0000000000106314        0xc C:/devkitPro/portlibs/3ds/lib\libSDL.a(SDL_syssem.o)
                0x0000000000106314                SDL_DestroySemaphore
 .text.SDL_SemWait
                0x0000000000106320       0x30 C:/devkitPro/portlibs/3ds/lib\libSDL.a(SDL_syssem.o)
                0x0000000000106320                SDL_SemWait
 .text.SDL_SemPost
                0x0000000000106350       0x14 C:/devkitPro/portlibs/3ds/lib\libSDL.a(SDL_syssem.o)
                0x0000000000106350                SDL_SemPost
 .text.ThreadEntry
                0x0000000000106364        0x4 C:/devkitPro/portlibs/3ds/lib\libSDL.a(SDL_systhread.o)
                0x0000000000106364                ThreadEntry
 .text.SDL_SYS_CreateThread
                0x0000000000106368       0xb0 C:/devkitPro/portlibs/3ds/lib\libSDL.a(SDL_systhread.o)
                0x0000000000106368                SDL_SYS_CreateThread
 .text.SDL_SYS_SetupThread
                0x0000000000106418        0x4 C:/devkitPro/portlibs/3ds/lib\libSDL.a(SDL_systhread.o)
                0x0000000000106418                SDL_SYS_SetupThread
 .text.SDL_ThreadID
                0x000000000010641c       0x38 C:/devkitPro/portlibs/3ds/lib\libSDL.a(SDL_systhread.o)
                0x000000000010641c                SDL_ThreadID
 .text.SDL_SYS_WaitThread
                0x0000000000106454       0x10 C:/devkitPro/portlibs/3ds/lib\libSDL.a(SDL_systhread.o)
                0x0000000000106454                SDL_SYS_WaitThread
 .text.N3DS_Available
                0x0000000000106464        0x8 C:/devkitPro/portlibs/3ds/lib\libSDL.a(SDL_n3dsvideo.o)
 .text.N3DS_ListModes
                0x000000000010646c        0x8 C:/devkitPro/portlibs/3ds/lib\libSDL.a(SDL_n3dsvideo.o)
 .text.N3DS_AllocHWSurface
                0x0000000000106474        0x8 C:/devkitPro/portlibs/3ds/lib\libSDL.a(SDL_n3dsvideo.o)
 .text.N3DS_LockHWSurface
                0x000000000010647c        0x8 C:/devkitPro/portlibs/3ds/lib\libSDL.a(SDL_n3dsvideo.o)
 .text.N3DS_UnlockHWSurface
                0x0000000000106484        0x4 C:/devkitPro/portlibs/3ds/lib\libSDL.a(SDL_n3dsvideo.o)
 .text.N3DS_SetColors
                0x0000000000106488       0x60 C:/devkitPro/portlibs/3ds/lib\libSDL.a(SDL_n3dsvideo.o)
 .text.N3DS_CreateDevice
                0x00000000001064e8      0x110 C:/devkitPro/portlibs/3ds/lib\libSDL.a(SDL_n3dsvideo.o)
 .text.N3DS_DeleteDevice
                0x00000000001065f8       0x24 C:/devkitPro/portlibs/3ds/lib\libSDL.a(SDL_n3dsvideo.o)
 .text.N3DS_VideoInit
                0x000000000010661c       0x48 C:/devkitPro/portlibs/3ds/lib\libSDL.a(SDL_n3dsvideo.o)
 .text.N3DS_FlipHWSurface.part.0
                0x0000000000106664      0x168 C:/devkitPro/portlibs/3ds/lib\libSDL.a(SDL_n3dsvideo.o)
 .text.N3DS_FlipHWSurface
                0x00000000001067cc       0x24 C:/devkitPro/portlibs/3ds/lib\libSDL.a(SDL_n3dsvideo.o)
 .text.N3DS_UpdateRects
                0x00000000001067f0       0x20 C:/devkitPro/portlibs/3ds/lib\libSDL.a(SDL_n3dsvideo.o)
 .text.N3DS_FreeHWSurface
                0x0000000000106810        0x4 C:/devkitPro/portlibs/3ds/lib\libSDL.a(SDL_n3dsvideo.o)
 .text.N3DS_VideoQuit
                0x0000000000106814       0xec C:/devkitPro/portlibs/3ds/lib\libSDL.a(SDL_n3dsvideo.o)
 .text.N3DS_SetScaling
                0x0000000000106900       0xac C:/devkitPro/portlibs/3ds/lib\libSDL.a(SDL_n3dsvideo.o)
                0x0000000000106900                N3DS_SetScaling
 .text.N3DS_SetVideoMode
                0x00000000001069ac      0x878 C:/devkitPro/portlibs/3ds/lib\libSDL.a(SDL_n3dsvideo.o)
 .text.N3DS_ToggleFullScreen
                0x0000000000107224       0x3c C:/devkitPro/portlibs/3ds/lib\libSDL.a(SDL_n3dsvideo.o)
                0x0000000000107224                N3DS_ToggleFullScreen
 .text.drawTexture
                0x0000000000107260      0x114 C:/devkitPro/portlibs/3ds/lib\libSDL.a(SDL_n3dsvideo.o)
                0x0000000000107260                drawTexture
 *fill*         0x0000000000107374        0x4 
 .text.videoThread
                0x0000000000107378      0x2dc C:/devkitPro/portlibs/3ds/lib\libSDL.a(SDL_n3dsvideo.o)
 .text.SDL_GobbleEvents
                0x0000000000107654       0xec C:/devkitPro/portlibs/3ds/lib\libSDL.a(SDL_events.o)
 .text.SDL_Lock_EventThread
                0x0000000000107740       0x64 C:/devkitPro/portlibs/3ds/lib\libSDL.a(SDL_events.o)
                0x0000000000107740                SDL_Lock_EventThread
 .text.SDL_Unlock_EventThread
                0x00000000001077a4       0x44 C:/devkitPro/portlibs/3ds/lib\libSDL.a(SDL_events.o)
                0x00000000001077a4                SDL_Unlock_EventThread
 .text.SDL_StopEventLoop
                0x00000000001077e8       0x78 C:/devkitPro/portlibs/3ds/lib\libSDL.a(SDL_events.o)
                0x00000000001077e8                SDL_StopEventLoop
 .text.SDL_StartEventLoop
                0x0000000000107860      0x120 C:/devkitPro/portlibs/3ds/lib\libSDL.a(SDL_events.o)
                0x0000000000107860                SDL_StartEventLoop
 .text.SDL_PeepEvents
                0x0000000000107980      0x210 C:/devkitPro/portlibs/3ds/lib\libSDL.a(SDL_events.o)
                0x0000000000107980                SDL_PeepEvents
 .text.SDL_PushEvent
                0x0000000000107b90       0x28 C:/devkitPro/portlibs/3ds/lib\libSDL.a(SDL_events.o)
                0x0000000000107b90                SDL_PushEvent
 .text.SDL_KeyboardInit
                0x0000000000107bb8      0xb98 C:/devkitPro/portlibs/3ds/lib\libSDL.a(SDL_keyboard.o)
                0x0000000000107bb8                SDL_KeyboardInit
 .text.SDL_KeyboardQuit
                0x0000000000108750        0x4 C:/devkitPro/portlibs/3ds/lib\libSDL.a(SDL_keyboard.o)
                0x0000000000108750                SDL_KeyboardQuit
 .text.SDL_PrivateKeyboard
                0x0000000000108754      0x35c C:/devkitPro/portlibs/3ds/lib\libSDL.a(SDL_keyboard.o)
                0x0000000000108754                SDL_PrivateKeyboard
 .text.SDL_ResetKeyboard
                0x0000000000108ab0       0x80 C:/devkitPro/portlibs/3ds/lib\libSDL.a(SDL_keyboard.o)
                0x0000000000108ab0                SDL_ResetKeyboard
 .text.SDL_CheckKeyRepeat
                0x0000000000108b30       0x8c C:/devkitPro/portlibs/3ds/lib\libSDL.a(SDL_keyboard.o)
                0x0000000000108b30                SDL_CheckKeyRepeat
 .text.ClipOffset
                0x0000000000108bbc       0x78 C:/devkitPro/portlibs/3ds/lib\libSDL.a(SDL_mouse.o)
 .text.SDL_MouseInit
                0x0000000000108c34       0x60 C:/devkitPro/portlibs/3ds/lib\libSDL.a(SDL_mouse.o)
                0x0000000000108c34                SDL_MouseInit
 .text.SDL_MouseQuit
                0x0000000000108c94        0x4 C:/devkitPro/portlibs/3ds/lib\libSDL.a(SDL_mouse.o)
                0x0000000000108c94                SDL_MouseQuit
 .text.SDL_GetMouseState
                0x0000000000108c98       0x38 C:/devkitPro/portlibs/3ds/lib\libSDL.a(SDL_mouse.o)
                0x0000000000108c98                SDL_GetMouseState
 .text.SDL_GetRelativeMouseState
                0x0000000000108cd0       0x44 C:/devkitPro/portlibs/3ds/lib\libSDL.a(SDL_mouse.o)
                0x0000000000108cd0                SDL_GetRelativeMouseState
 .text.SDL_SetMouseRange
                0x0000000000108d14       0x1c C:/devkitPro/portlibs/3ds/lib\libSDL.a(SDL_mouse.o)
                0x0000000000108d14                SDL_SetMouseRange
 .text.SDL_PrivateMouseMotion
                0x0000000000108d30      0x1c4 C:/devkitPro/portlibs/3ds/lib\libSDL.a(SDL_mouse.o)
                0x0000000000108d30                SDL_PrivateMouseMotion
 .text.SDL_PrivateMouseButton
                0x0000000000108ef4      0x210 C:/devkitPro/portlibs/3ds/lib\libSDL.a(SDL_mouse.o)
                0x0000000000108ef4                SDL_PrivateMouseButton
 .text.SDL_ResetMouse
                0x0000000000109104       0x54 C:/devkitPro/portlibs/3ds/lib\libSDL.a(SDL_mouse.o)
                0x0000000000109104                SDL_ResetMouse
 .text.SDL_HandleSIG
                0x0000000000109158       0x70 C:/devkitPro/portlibs/3ds/lib\libSDL.a(SDL_quit.o)
 .text.SDL_QuitInit
                0x00000000001091c8       0x48 C:/devkitPro/portlibs/3ds/lib\libSDL.a(SDL_quit.o)
                0x00000000001091c8                SDL_QuitInit
 .text.SDL_QuitQuit
                0x0000000000109210       0x50 C:/devkitPro/portlibs/3ds/lib\libSDL.a(SDL_quit.o)
                0x0000000000109210                SDL_QuitQuit
 .text.SDL_PrivateResize
                0x0000000000109260       0xec C:/devkitPro/portlibs/3ds/lib\libSDL.a(SDL_resize.o)
                0x0000000000109260                SDL_PrivateResize
 .text.SDL_revcpy
                0x000000000010934c       0x2c C:/devkitPro/portlibs/3ds/lib\libSDL.a(SDL_string.o)
                0x000000000010934c                SDL_revcpy
 .text.SDL_memcmp
                0x0000000000109378       0x44 C:/devkitPro/portlibs/3ds/lib\libSDL.a(SDL_string.o)
                0x0000000000109378                SDL_memcmp
 .text.copy_opaque_16
                0x00000000001093bc      0x100 C:/devkitPro/portlibs/3ds/lib\libSDL.a(SDL_RLEaccel.o)
 .text.uncopy_opaque_16
                0x00000000001094bc      0x120 C:/devkitPro/portlibs/3ds/lib\libSDL.a(SDL_RLEaccel.o)
 .text.copy_transl_565
                0x00000000001095dc       0xfc C:/devkitPro/portlibs/3ds/lib\libSDL.a(SDL_RLEaccel.o)
 .text.copy_transl_555
                0x00000000001096d8       0xfc C:/devkitPro/portlibs/3ds/lib\libSDL.a(SDL_RLEaccel.o)
 .text.uncopy_transl_16
                0x00000000001097d4      0x124 C:/devkitPro/portlibs/3ds/lib\libSDL.a(SDL_RLEaccel.o)
 .text.copy_32  0x00000000001098f8       0xdc C:/devkitPro/portlibs/3ds/lib\libSDL.a(SDL_RLEaccel.o)
 .text.uncopy_32
                0x00000000001099d4      0x110 C:/devkitPro/portlibs/3ds/lib\libSDL.a(SDL_RLEaccel.o)
 .text.getpix_8
                0x0000000000109ae4        0x8 C:/devkitPro/portlibs/3ds/lib\libSDL.a(SDL_RLEaccel.o)
 .text.getpix_16
                0x0000000000109aec        0x8 C:/devkitPro/portlibs/3ds/lib\libSDL.a(SDL_RLEaccel.o)
 .text.getpix_24
                0x0000000000109af4       0x18 C:/devkitPro/portlibs/3ds/lib\libSDL.a(SDL_RLEaccel.o)
 .text.getpix_32
                0x0000000000109b0c        0x8 C:/devkitPro/portlibs/3ds/lib\libSDL.a(SDL_RLEaccel.o)
 .text.SDL_RLEBlit
                0x0000000000109b14     0x23ec C:/devkitPro/portlibs/3ds/lib\libSDL.a(SDL_RLEaccel.o)
                0x0000000000109b14                SDL_RLEBlit
 .text.SDL_RLEAlphaBlit
                0x000000000010bf00      0x988 C:/devkitPro/portlibs/3ds/lib\libSDL.a(SDL_RLEaccel.o)
                0x000000000010bf00                SDL_RLEAlphaBlit
 .text.SDL_UnRLESurface
                0x000000000010c888      0x244 C:/devkitPro/portlibs/3ds/lib\libSDL.a(SDL_RLEaccel.o)
                0x000000000010c888                SDL_UnRLESurface
 .text.SDL_RLESurface
                0x000000000010cacc      0xd80 C:/devkitPro/portlibs/3ds/lib\libSDL.a(SDL_RLEaccel.o)
                0x000000000010cacc                SDL_RLESurface
 .text.SDL_SoftBlit
                0x000000000010d84c      0x1c4 C:/devkitPro/portlibs/3ds/lib\libSDL.a(SDL_blit.o)
 .text.SDL_BlitCopyOverlap
                0x000000000010da10       0xa8 C:/devkitPro/portlibs/3ds/lib\libSDL.a(SDL_blit.o)
 .text.SDL_BlitCopy
                0x000000000010dab8       0x64 C:/devkitPro/portlibs/3ds/lib\libSDL.a(SDL_blit.o)
 .text.SDL_CalculateBlit
                0x000000000010db1c      0x338 C:/devkitPro/portlibs/3ds/lib\libSDL.a(SDL_blit.o)
                0x000000000010db1c                SDL_CalculateBlit
 .text.BlitBto1
                0x000000000010de54      0x104 C:/devkitPro/portlibs/3ds/lib\libSDL.a(SDL_blit_0.o)
 .text.BlitBto2
                0x000000000010df58       0xa8 C:/devkitPro/portlibs/3ds/lib\libSDL.a(SDL_blit_0.o)
 .text.BlitBto3
                0x000000000010e000       0xb0 C:/devkitPro/portlibs/3ds/lib\libSDL.a(SDL_blit_0.o)
 .text.BlitBto4
                0x000000000010e0b0       0xb4 C:/devkitPro/portlibs/3ds/lib\libSDL.a(SDL_blit_0.o)
 .text.BlitBto1Key
                0x000000000010e164      0x110 C:/devkitPro/portlibs/3ds/lib\libSDL.a(SDL_blit_0.o)
 .text.BlitBto2Key
                0x000000000010e274       0xb8 C:/devkitPro/portlibs/3ds/lib\libSDL.a(SDL_blit_0.o)
 .text.BlitBto4Key
                0x000000000010e32c       0xbc C:/devkitPro/portlibs/3ds/lib\libSDL.a(SDL_blit_0.o)
 .text.BlitBtoNAlpha
                0x000000000010e3e8      0x274 C:/devkitPro/portlibs/3ds/lib\libSDL.a(SDL_blit_0.o)
 .text.BlitBtoNAlphaKey
                0x000000000010e65c      0x288 C:/devkitPro/portlibs/3ds/lib\libSDL.a(SDL_blit_0.o)
 .text.BlitBto3Key
                0x000000000010e8e4       0xbc C:/devkitPro/portlibs/3ds/lib\libSDL.a(SDL_blit_0.o)
 .text.SDL_CalculateBlit0
                0x000000000010e9a0       0x9c C:/devkitPro/portlibs/3ds/lib\libSDL.a(SDL_blit_0.o)
                0x000000000010e9a0                SDL_CalculateBlit0
 .text.Blit1to1
                0x000000000010ea3c      0x100 C:/devkitPro/portlibs/3ds/lib\libSDL.a(SDL_blit_1.o)
 .text.Blit1to2
                0x000000000010eb3c      0x128 C:/devkitPro/portlibs/3ds/lib\libSDL.a(SDL_blit_1.o)
 .text.Blit1to3
                0x000000000010ec64      0x1b4 C:/devkitPro/portlibs/3ds/lib\libSDL.a(SDL_blit_1.o)
 .text.Blit1to4
                0x000000000010ee18      0x114 C:/devkitPro/portlibs/3ds/lib\libSDL.a(SDL_blit_1.o)
 .text.Blit1to1Key
                0x000000000010ef2c      0x274 C:/devkitPro/portlibs/3ds/lib\libSDL.a(SDL_blit_1.o)
 .text.Blit1to2Key
                0x000000000010f1a0      0x188 C:/devkitPro/portlibs/3ds/lib\libSDL.a(SDL_blit_1.o)
 .text.Blit1to3Key
                0x000000000010f328      0x21c C:/devkitPro/portlibs/3ds/lib\libSDL.a(SDL_blit_1.o)
 .text.Blit1to4Key
                0x000000000010f544      0x170 C:/devkitPro/portlibs/3ds/lib\libSDL.a(SDL_blit_1.o)
 .text.Blit1toNAlpha
                0x000000000010f6b4      0x8dc C:/devkitPro/portlibs/3ds/lib\libSDL.a(SDL_blit_1.o)
 .text.Blit1toNAlphaKey
                0x000000000010ff90      0xc54 C:/devkitPro/portlibs/3ds/lib\libSDL.a(SDL_blit_1.o)
 .text.SDL_CalculateBlit1
                0x0000000000110be4       0x88 C:/devkitPro/portlibs/3ds/lib\libSDL.a(SDL_blit_1.o)
                0x0000000000110be4                SDL_CalculateBlit1
 .text.Blit_RGB888_index8
                0x0000000000110c6c      0x3a4 C:/devkitPro/portlibs/3ds/lib\libSDL.a(SDL_blit_N.o)
 .text.Blit_RGB888_RGB555
                0x0000000000111010      0x1d0 C:/devkitPro/portlibs/3ds/lib\libSDL.a(SDL_blit_N.o)
 .text.Blit_RGB888_RGB565
                0x00000000001111e0      0x1b8 C:/devkitPro/portlibs/3ds/lib\libSDL.a(SDL_blit_N.o)
 .text.Blit_RGB565_32
                0x0000000000111398      0x1ac C:/devkitPro/portlibs/3ds/lib\libSDL.a(SDL_blit_N.o)
 .text.Blit_RGB565_ARGB8888
                0x0000000000111544        0xc C:/devkitPro/portlibs/3ds/lib\libSDL.a(SDL_blit_N.o)
 .text.Blit_RGB565_ABGR8888
                0x0000000000111550        0xc C:/devkitPro/portlibs/3ds/lib\libSDL.a(SDL_blit_N.o)
 .text.Blit_RGB565_RGBA8888
                0x000000000011155c        0xc C:/devkitPro/portlibs/3ds/lib\libSDL.a(SDL_blit_N.o)
 .text.Blit_RGB565_BGRA8888
                0x0000000000111568        0xc C:/devkitPro/portlibs/3ds/lib\libSDL.a(SDL_blit_N.o)
 .text.Blit_RGB888_index8_map
                0x0000000000111574      0x208 C:/devkitPro/portlibs/3ds/lib\libSDL.a(SDL_blit_N.o)
 .text.BlitNto1
                0x000000000011177c      0xb00 C:/devkitPro/portlibs/3ds/lib\libSDL.a(SDL_blit_N.o)
 .text.Blit4to4MaskAlpha
                0x000000000011227c      0x1f4 C:/devkitPro/portlibs/3ds/lib\libSDL.a(SDL_blit_N.o)
 .text.BlitNtoN
                0x0000000000112470      0xe00 C:/devkitPro/portlibs/3ds/lib\libSDL.a(SDL_blit_N.o)
 .text.BlitNtoNCopyAlpha
                0x0000000000113270      0x22c C:/devkitPro/portlibs/3ds/lib\libSDL.a(SDL_blit_N.o)
 .text.BlitNto1Key
                0x000000000011349c     0x10b8 C:/devkitPro/portlibs/3ds/lib\libSDL.a(SDL_blit_N.o)
 .text.Blit2to2Key
                0x0000000000114554      0x17c C:/devkitPro/portlibs/3ds/lib\libSDL.a(SDL_blit_N.o)
 .text.BlitNtoNKey
                0x00000000001146d0      0xcc8 C:/devkitPro/portlibs/3ds/lib\libSDL.a(SDL_blit_N.o)
 .text.BlitNtoNKeyCopyAlpha
                0x0000000000115398     0x1130 C:/devkitPro/portlibs/3ds/lib\libSDL.a(SDL_blit_N.o)
 .text.SDL_CalculateBlitN
                0x00000000001164c8      0x29c C:/devkitPro/portlibs/3ds/lib\libSDL.a(SDL_blit_N.o)
                0x00000000001164c8                SDL_CalculateBlitN
 .text.SDL_MouseRect
                0x0000000000116764       0xd0 C:/devkitPro/portlibs/3ds/lib\libSDL.a(SDL_cursor.o)
                0x0000000000116764                SDL_MouseRect
 .text.SDL_DrawCursorNoLock
                0x0000000000116834      0x710 C:/devkitPro/portlibs/3ds/lib\libSDL.a(SDL_cursor.o)
                0x0000000000116834                SDL_DrawCursorNoLock
 .text.SDL_DrawCursor
                0x0000000000116f44       0xc0 C:/devkitPro/portlibs/3ds/lib\libSDL.a(SDL_cursor.o)
                0x0000000000116f44                SDL_DrawCursor
 .text.SDL_EraseCursorNoLock
                0x0000000000117004      0x188 C:/devkitPro/portlibs/3ds/lib\libSDL.a(SDL_cursor.o)
                0x0000000000117004                SDL_EraseCursorNoLock
 .text.SDL_EraseCursor
                0x000000000011718c       0xc0 C:/devkitPro/portlibs/3ds/lib\libSDL.a(SDL_cursor.o)
                0x000000000011718c                SDL_EraseCursor
 .text.SDL_SetCursor
                0x000000000011724c      0x1d0 C:/devkitPro/portlibs/3ds/lib\libSDL.a(SDL_cursor.o)
                0x000000000011724c                SDL_SetCursor
 .text.SDL_FreeCursor
                0x000000000011741c       0xa0 C:/devkitPro/portlibs/3ds/lib\libSDL.a(SDL_cursor.o)
                0x000000000011741c                SDL_FreeCursor
 .text.SDL_CursorQuit
                0x00000000001174bc       0x98 C:/devkitPro/portlibs/3ds/lib\libSDL.a(SDL_cursor.o)
                0x00000000001174bc                SDL_CursorQuit
 .text.SDL_CreateCursor
                0x0000000000117554      0x1b0 C:/devkitPro/portlibs/3ds/lib\libSDL.a(SDL_cursor.o)
                0x0000000000117554                SDL_CreateCursor
 .text.SDL_CursorInit
                0x0000000000117704       0x90 C:/devkitPro/portlibs/3ds/lib\libSDL.a(SDL_cursor.o)
                0x0000000000117704                SDL_CursorInit
 .text.SDL_MoveCursor
                0x0000000000117794       0xb8 C:/devkitPro/portlibs/3ds/lib\libSDL.a(SDL_cursor.o)
                0x0000000000117794                SDL_MoveCursor
 .text.SDL_ResetCursor
                0x000000000011784c       0x34 C:/devkitPro/portlibs/3ds/lib\libSDL.a(SDL_cursor.o)
                0x000000000011784c                SDL_ResetCursor
 .text.N3DS_PumpEvents
                0x0000000000117880      0x18c C:/devkitPro/portlibs/3ds/lib\libSDL.a(SDL_n3dsevents.o)
                0x0000000000117880                N3DS_PumpEvents
 .text.N3DS_InitOSKeymap
                0x0000000000117a0c        0x4 C:/devkitPro/portlibs/3ds/lib\libSDL.a(SDL_n3dsevents.o)
                0x0000000000117a0c                N3DS_InitOSKeymap
 .text.SDL_HasMMX
                0x0000000000117a10       0x4c C:/devkitPro/portlibs/3ds/lib\libSDL.a(SDL_cpuinfo.o)
                0x0000000000117a10                SDL_HasMMX
 .text.SDL_AppActiveInit
                0x0000000000117a5c       0x18 C:/devkitPro/portlibs/3ds/lib\libSDL.a(SDL_active.o)
                0x0000000000117a5c                SDL_AppActiveInit
 .text.SDL_AppActiveQuit
                0x0000000000117a74        0x4 C:/devkitPro/portlibs/3ds/lib\libSDL.a(SDL_active.o)
                0x0000000000117a74                SDL_AppActiveQuit
 .text.BlitNto1SurfaceAlpha
                0x0000000000117a78      0x4e4 C:/devkitPro/portlibs/3ds/lib\libSDL.a(SDL_blit_A.o)
 .text.BlitNto1PixelAlpha
                0x0000000000117f5c      0x53c C:/devkitPro/portlibs/3ds/lib\libSDL.a(SDL_blit_A.o)
 .text.BlitNto1SurfaceAlphaKey
                0x0000000000118498      0xc68 C:/devkitPro/portlibs/3ds/lib\libSDL.a(SDL_blit_A.o)
 .text.BlitRGBtoRGBSurfaceAlpha
                0x0000000000119100      0x380 C:/devkitPro/portlibs/3ds/lib\libSDL.a(SDL_blit_A.o)
 .text.BlitRGBtoRGBPixelAlpha
                0x0000000000119480      0x254 C:/devkitPro/portlibs/3ds/lib\libSDL.a(SDL_blit_A.o)
 .text.Blit16to16SurfaceAlpha128
                0x00000000001196d4      0x278 C:/devkitPro/portlibs/3ds/lib\libSDL.a(SDL_blit_A.o)
 .text.Blit565to565SurfaceAlpha
                0x000000000011994c      0x1ac C:/devkitPro/portlibs/3ds/lib\libSDL.a(SDL_blit_A.o)
 .text.Blit555to555SurfaceAlpha
                0x0000000000119af8      0x1ac C:/devkitPro/portlibs/3ds/lib\libSDL.a(SDL_blit_A.o)
 .text.BlitARGBto565PixelAlpha
                0x0000000000119ca4      0x2a0 C:/devkitPro/portlibs/3ds/lib\libSDL.a(SDL_blit_A.o)
 .text.BlitARGBto555PixelAlpha
                0x0000000000119f44      0x298 C:/devkitPro/portlibs/3ds/lib\libSDL.a(SDL_blit_A.o)
 .text.BlitNtoNSurfaceAlpha
                0x000000000011a1dc      0xc78 C:/devkitPro/portlibs/3ds/lib\libSDL.a(SDL_blit_A.o)
 .text.BlitNtoNSurfaceAlphaKey
                0x000000000011ae54      0x9a8 C:/devkitPro/portlibs/3ds/lib\libSDL.a(SDL_blit_A.o)
 .text.BlitNtoNPixelAlpha
                0x000000000011b7fc      0xc0c C:/devkitPro/portlibs/3ds/lib\libSDL.a(SDL_blit_A.o)
 .text.SDL_CalculateAlphaBlit
                0x000000000011c408      0x220 C:/devkitPro/portlibs/3ds/lib\libSDL.a(SDL_blit_A.o)
                0x000000000011c408                SDL_CalculateAlphaBlit
 .text.C3Di_LightEnvUpdate
                0x000000000011c628        0x4 C:/devkitPro/libctru/lib\libcitro3d.a(base.o)
                0x000000000011c628                C3Di_LightEnvUpdate
 .text.C3Di_LightEnvDirty
                0x000000000011c62c        0x4 C:/devkitPro/libctru/lib\libcitro3d.a(base.o)
                0x000000000011c62c                C3Di_LightEnvDirty
 .text.C3Di_ProcTexUpdate
                0x000000000011c630        0x4 C:/devkitPro/libctru/lib\libcitro3d.a(base.o)
                0x000000000011c630                C3Di_ProcTexUpdate
 .text.C3Di_ProcTexDirty
                0x000000000011c634        0x4 C:/devkitPro/libctru/lib\libcitro3d.a(base.o)
                0x000000000011c634                C3Di_ProcTexDirty
 .text.C3Di_AptEventHook
                0x000000000011c638       0xb4 C:/devkitPro/libctru/lib\libcitro3d.a(base.o)
 .text.C3Di_GasUpdate
                0x000000000011c6ec        0x4 C:/devkitPro/libctru/lib\libcitro3d.a(base.o)
                0x000000000011c6ec                C3Di_GasUpdate
 .text.C3D_Init
                0x000000000011c6f0      0x1e0 C:/devkitPro/libctru/lib\libcitro3d.a(base.o)
                0x000000000011c6f0                C3D_Init
 .text.C3D_SetViewport
                0x000000000011c8d0       0x98 C:/devkitPro/libctru/lib\libcitro3d.a(base.o)
                0x000000000011c8d0                C3D_SetViewport
 .text.C3Di_UpdateContext
                0x000000000011c968      0x4e8 C:/devkitPro/libctru/lib\libcitro3d.a(base.o)
                0x000000000011c968                C3Di_UpdateContext
 .text.C3Di_SplitFrame
                0x000000000011ce50       0xe0 C:/devkitPro/libctru/lib\libcitro3d.a(base.o)
                0x000000000011ce50                C3Di_SplitFrame
 .text.C3D_Fini
                0x000000000011cf30       0x44 C:/devkitPro/libctru/lib\libcitro3d.a(base.o)
                0x000000000011cf30                C3D_Fini
 .text.C3D_BindProgram
                0x000000000011cf74      0x114 C:/devkitPro/libctru/lib\libcitro3d.a(base.o)
                0x000000000011cf74                C3D_BindProgram
 .text.onVBlank0
                0x000000000011d088       0x4c C:/devkitPro/libctru/lib\libcitro3d.a(renderqueue.o)
 .text.onVBlank1
                0x000000000011d0d4       0x4c C:/devkitPro/libctru/lib\libcitro3d.a(renderqueue.o)
 .text.C3Di_RenderTargetDestroy
                0x000000000011d120       0x80 C:/devkitPro/libctru/lib\libcitro3d.a(renderqueue.o)
 .text.onQueueFinish
                0x000000000011d1a0       0xf4 C:/devkitPro/libctru/lib\libcitro3d.a(renderqueue.o)
 .text.C3Di_RenderQueueEnableVBlank
                0x000000000011d294       0x38 C:/devkitPro/libctru/lib\libcitro3d.a(renderqueue.o)
                0x000000000011d294                C3Di_RenderQueueEnableVBlank
 .text.C3Di_RenderQueueDisableVBlank
                0x000000000011d2cc       0x30 C:/devkitPro/libctru/lib\libcitro3d.a(renderqueue.o)
                0x000000000011d2cc                C3Di_RenderQueueDisableVBlank
 .text.C3Di_RenderQueueInit
                0x000000000011d2fc       0x60 C:/devkitPro/libctru/lib\libcitro3d.a(renderqueue.o)
                0x000000000011d2fc                C3Di_RenderQueueInit
 .text.C3Di_RenderQueueExit
                0x000000000011d35c       0xb0 C:/devkitPro/libctru/lib\libcitro3d.a(renderqueue.o)
                0x000000000011d35c                C3Di_RenderQueueExit
 .text.C3Di_RenderQueueWaitDone
                0x000000000011d40c       0x34 C:/devkitPro/libctru/lib\libcitro3d.a(renderqueue.o)
                0x000000000011d40c                C3Di_RenderQueueWaitDone
 .text.C3D_FrameBegin
                0x000000000011d440       0xe4 C:/devkitPro/libctru/lib\libcitro3d.a(renderqueue.o)
                0x000000000011d440                C3D_FrameBegin
 .text.C3D_FrameDrawOn
                0x000000000011d524       0x48 C:/devkitPro/libctru/lib\libcitro3d.a(renderqueue.o)
                0x000000000011d524                C3D_FrameDrawOn
 .text.C3D_FrameEnd
                0x000000000011d56c      0x1d8 C:/devkitPro/libctru/lib\libcitro3d.a(renderqueue.o)
                0x000000000011d56c                C3D_FrameEnd
 .text.C3D_RenderTargetCreate
                0x000000000011d744      0x184 C:/devkitPro/libctru/lib\libcitro3d.a(renderqueue.o)
                0x000000000011d744                C3D_RenderTargetCreate
 .text.C3D_RenderTargetDelete
                0x000000000011d8c8       0xf0 C:/devkitPro/libctru/lib\libcitro3d.a(renderqueue.o)
                0x000000000011d8c8                C3D_RenderTargetDelete
 .text.C3D_RenderTargetSetOutput
                0x000000000011d9b8       0xa8 C:/devkitPro/libctru/lib\libcitro3d.a(renderqueue.o)
                0x000000000011d9b8                C3D_RenderTargetSetOutput
 .text.C3D_SyncDisplayTransfer
                0x000000000011da60       0xf0 C:/devkitPro/libctru/lib\libcitro3d.a(renderqueue.o)
                0x000000000011da60                C3D_SyncDisplayTransfer
 .text.C3D_TexInitWithParams
                0x000000000011db50      0x294 C:/devkitPro/libctru/lib\libcitro3d.a(texture.o)
                0x000000000011db50                C3D_TexInitWithParams
 .text.C3D_TexBind
                0x000000000011dde4       0x44 C:/devkitPro/libctru/lib\libcitro3d.a(texture.o)
                0x000000000011dde4                C3D_TexBind
 .text.C3D_TexDelete
                0x000000000011de28       0x74 C:/devkitPro/libctru/lib\libcitro3d.a(texture.o)
                0x000000000011de28                C3D_TexDelete
 .text.C3Di_SetTex
                0x000000000011de9c      0x16c C:/devkitPro/libctru/lib\libcitro3d.a(texture.o)
                0x000000000011de9c                C3Di_SetTex
 .text.C3D_CalcColorBufSize
                0x000000000011e008       0x1c C:/devkitPro/libctru/lib\libcitro3d.a(framebuffer.o)
                0x000000000011e008                C3D_CalcColorBufSize
 .text.C3D_CalcDepthBufSize
                0x000000000011e024       0x1c C:/devkitPro/libctru/lib\libcitro3d.a(framebuffer.o)
                0x000000000011e024                C3D_CalcDepthBufSize
 .text.C3D_SetFrameBuf
                0x000000000011e040       0x44 C:/devkitPro/libctru/lib\libcitro3d.a(framebuffer.o)
                0x000000000011e040                C3D_SetFrameBuf
 .text.C3Di_FrameBufBind
                0x000000000011e084      0x16c C:/devkitPro/libctru/lib\libcitro3d.a(framebuffer.o)
                0x000000000011e084                C3Di_FrameBufBind
 .text.C3D_FrameBufClear
                0x000000000011e1f0       0xc8 C:/devkitPro/libctru/lib\libcitro3d.a(framebuffer.o)
                0x000000000011e1f0                C3D_FrameBufClear
 .text.C3D_FrameBufTransfer
                0x000000000011e2b8       0x44 C:/devkitPro/libctru/lib\libcitro3d.a(framebuffer.o)
                0x000000000011e2b8                C3D_FrameBufTransfer
 .text.C3D_GetTexEnv
                0x000000000011e2fc       0x34 C:/devkitPro/libctru/lib\libcitro3d.a(texenv.o)
                0x000000000011e2fc                C3D_GetTexEnv
 .text.C3Di_TexEnvBind
                0x000000000011e330       0x24 C:/devkitPro/libctru/lib\libcitro3d.a(texenv.o)
                0x000000000011e330                C3Di_TexEnvBind
 .text.BufInfo_Init
                0x000000000011e354       0x24 C:/devkitPro/libctru/lib\libcitro3d.a(buffers.o)
                0x000000000011e354                BufInfo_Init
 .text.C3D_GetBufInfo
                0x000000000011e378       0x20 C:/devkitPro/libctru/lib\libcitro3d.a(buffers.o)
                0x000000000011e378                C3D_GetBufInfo
 .text.C3Di_BufInfoBind
                0x000000000011e398       0x48 C:/devkitPro/libctru/lib\libcitro3d.a(buffers.o)
                0x000000000011e398                C3Di_BufInfoBind
 .text.C3D_DepthMap
                0x000000000011e3e0       0x40 C:/devkitPro/libctru/lib\libcitro3d.a(effect.o)
                0x000000000011e3e0                C3D_DepthMap
 .text.C3D_CullFace
                0x000000000011e420       0x1c C:/devkitPro/libctru/lib\libcitro3d.a(effect.o)
                0x000000000011e420                C3D_CullFace
 .text.C3D_StencilTest
                0x000000000011e43c       0x40 C:/devkitPro/libctru/lib\libcitro3d.a(effect.o)
                0x000000000011e43c                C3D_StencilTest
 .text.C3D_StencilOp
                0x000000000011e47c       0x24 C:/devkitPro/libctru/lib\libcitro3d.a(effect.o)
                0x000000000011e47c                C3D_StencilOp
 .text.C3D_BlendingColor
                0x000000000011e4a0       0x1c C:/devkitPro/libctru/lib\libcitro3d.a(effect.o)
                0x000000000011e4a0                C3D_BlendingColor
 .text.C3D_EarlyDepthTest
                0x000000000011e4bc       0x24 C:/devkitPro/libctru/lib\libcitro3d.a(effect.o)
                0x000000000011e4bc                C3D_EarlyDepthTest
 .text.C3D_DepthTest
                0x000000000011e4e0       0x2c C:/devkitPro/libctru/lib\libcitro3d.a(effect.o)
                0x000000000011e4e0                C3D_DepthTest
 .text.C3D_AlphaTest
                0x000000000011e50c       0x2c C:/devkitPro/libctru/lib\libcitro3d.a(effect.o)
                0x000000000011e50c                C3D_AlphaTest
 .text.C3D_AlphaBlend
                0x000000000011e538       0x50 C:/devkitPro/libctru/lib\libcitro3d.a(effect.o)
                0x000000000011e538                C3D_AlphaBlend
 .text.C3D_FragOpMode
                0x000000000011e588       0x30 C:/devkitPro/libctru/lib\libcitro3d.a(effect.o)
                0x000000000011e588                C3D_FragOpMode
 .text.C3D_FragOpShadow
                0x000000000011e5b8       0x44 C:/devkitPro/libctru/lib\libcitro3d.a(effect.o)
                0x000000000011e5b8                C3D_FragOpShadow
 .text.C3Di_EffectBind
                0x000000000011e5fc      0x1ac C:/devkitPro/libctru/lib\libcitro3d.a(effect.o)
                0x000000000011e5fc                C3Di_EffectBind
 .text.AttrInfo_Init
                0x000000000011e7a8       0x28 C:/devkitPro/libctru/lib\libcitro3d.a(attribs.o)
                0x000000000011e7a8                AttrInfo_Init
 .text.AttrInfo_AddLoader
                0x000000000011e7d0       0x94 C:/devkitPro/libctru/lib\libcitro3d.a(attribs.o)
                0x000000000011e7d0                AttrInfo_AddLoader
 .text.C3D_GetAttrInfo
                0x000000000011e864       0x20 C:/devkitPro/libctru/lib\libcitro3d.a(attribs.o)
                0x000000000011e864                C3D_GetAttrInfo
 .text.C3Di_AttrInfoBind
                0x000000000011e884       0x80 C:/devkitPro/libctru/lib\libcitro3d.a(attribs.o)
                0x000000000011e884                C3Di_AttrInfoBind
 .text.C3D_ImmDrawBegin
                0x000000000011e904       0xb8 C:/devkitPro/libctru/lib\libcitro3d.a(immediate.o)
                0x000000000011e904                C3D_ImmDrawBegin
 .text.C3D_ImmSendAttrib
                0x000000000011e9bc       0xa8 C:/devkitPro/libctru/lib\libcitro3d.a(immediate.o)
                0x000000000011e9bc                C3D_ImmSendAttrib
 .text.C3D_ImmDrawEnd
                0x000000000011ea64       0x70 C:/devkitPro/libctru/lib\libcitro3d.a(immediate.o)
                0x000000000011ea64                C3D_ImmDrawEnd
 .text.C3D_UpdateUniforms
                0x000000000011ead4      0x280 C:/devkitPro/libctru/lib\libcitro3d.a(uniforms.o)
                0x000000000011ead4                C3D_UpdateUniforms
 .text.C3Di_DirtyUniforms
                0x000000000011ed54       0xc0 C:/devkitPro/libctru/lib\libcitro3d.a(uniforms.o)
                0x000000000011ed54                C3Di_DirtyUniforms
 .text.C3Di_LoadShaderUniforms
                0x000000000011ee14       0xd8 C:/devkitPro/libctru/lib\libcitro3d.a(uniforms.o)
                0x000000000011ee14                C3Di_LoadShaderUniforms
 .text.C3Di_ClearShaderUniforms
                0x000000000011eeec       0x28 C:/devkitPro/libctru/lib\libcitro3d.a(uniforms.o)
                0x000000000011eeec                C3Di_ClearShaderUniforms
 .text.Mtx_OrthoTilt
                0x000000000011ef14       0xcc C:/devkitPro/libctru/lib\libcitro3d.a(mtx_orthotilt.o)
                0x000000000011ef14                Mtx_OrthoTilt
 .text._ZL21addrMapNodeComparatorPK11rbtree_nodeS1_
                0x000000000011efe0       0x24 C:/devkitPro/libctru/lib\libctru.a(vram.o)
 .text._ZL21addrMapNodeDestructorP11rbtree_node
                0x000000000011f004        0x4 C:/devkitPro/libctru/lib\libctru.a(vram.o)
 .text.vramMemAlignAt
                0x000000000011f008      0x250 C:/devkitPro/libctru/lib\libctru.a(vram.o)
                0x000000000011f008                vramMemAlignAt
 .text.vramAlloc
                0x000000000011f258        0xc C:/devkitPro/libctru/lib\libctru.a(vram.o)
                0x000000000011f258                vramAlloc
 .text.vramAllocAt
                0x000000000011f264        0xc C:/devkitPro/libctru/lib\libctru.a(vram.o)
                0x000000000011f264                vramAllocAt
 .text.vramFree
                0x000000000011f270       0x90 C:/devkitPro/libctru/lib\libctru.a(vram.o)
                0x000000000011f270                vramFree
 .text._ZL21addrMapNodeComparatorPK11rbtree_nodeS1_
                0x000000000011f300       0x24 C:/devkitPro/libctru/lib\libctru.a(linear.o)
 .text._ZL21addrMapNodeDestructorP11rbtree_node
                0x000000000011f324        0x4 C:/devkitPro/libctru/lib\libctru.a(linear.o)
 .text.linearMemAlign
                0x000000000011f328      0x120 C:/devkitPro/libctru/lib\libctru.a(linear.o)
                0x000000000011f328                linearMemAlign
 .text.linearAlloc
                0x000000000011f448        0x8 C:/devkitPro/libctru/lib\libctru.a(linear.o)
                0x000000000011f448                linearAlloc
 .text.linearFree
                0x000000000011f450       0x5c C:/devkitPro/libctru/lib\libctru.a(linear.o)
                0x000000000011f450                linearFree
 .text._ZN7MemPool13CoalesceRightEP8MemBlock
                0x000000000011f4ac       0x80 C:/devkitPro/libctru/lib\libctru.a(mem_pool.o)
                0x000000000011f4ac                MemPool::CoalesceRight(MemBlock*)
 .text._ZN7MemPool8AllocateER8MemChunkmi
                0x000000000011f52c      0x16c C:/devkitPro/libctru/lib\libctru.a(mem_pool.o)
                0x000000000011f52c                MemPool::Allocate(MemChunk&, unsigned long, int)
 .text._ZN7MemPool10DeallocateERK8MemChunk
                0x000000000011f698       0xfc C:/devkitPro/libctru/lib\libctru.a(mem_pool.o)
                0x000000000011f698                MemPool::Deallocate(MemChunk const&)
 .text._ZN7MemPool12GetFreeSpaceEv
                0x000000000011f794       0x30 C:/devkitPro/libctru/lib\libctru.a(mem_pool.o)
                0x000000000011f794                MemPool::GetFreeSpace()
 .text.__sync_init
                0x000000000011f7c4        0xc C:/devkitPro/libctru/lib\libctru.a(synchronization.o)
                0x000000000011f7c4                __sync_init
 .text.__sync_fini
                0x000000000011f7d0       0x18 C:/devkitPro/libctru/lib\libctru.a(synchronization.o)
                0x000000000011f7d0                __sync_fini
 .text.syncArbitrateAddress
                0x000000000011f7e8       0x2c C:/devkitPro/libctru/lib\libctru.a(synchronization.o)
                0x000000000011f7e8                syncArbitrateAddress
 .text.LightLock_Init
                0x000000000011f814       0x1c C:/devkitPro/libctru/lib\libctru.a(synchronization.o)
                0x000000000011f814                LightLock_Init
 .text.LightLock_Lock
                0x000000000011f830       0xb0 C:/devkitPro/libctru/lib\libctru.a(synchronization.o)
                0x000000000011f830                LightLock_Lock
 .text.LightLock_Unlock
                0x000000000011f8e0       0x40 C:/devkitPro/libctru/lib\libctru.a(synchronization.o)
                0x000000000011f8e0                LightLock_Unlock
 .text.RecursiveLock_Init
                0x000000000011f920       0x24 C:/devkitPro/libctru/lib\libctru.a(synchronization.o)
                0x000000000011f920                RecursiveLock_Init
 .text.RecursiveLock_Lock
                0x000000000011f944       0x30 C:/devkitPro/libctru/lib\libctru.a(synchronization.o)
                0x000000000011f944                RecursiveLock_Lock
 .text.RecursiveLock_Unlock
                0x000000000011f974       0x54 C:/devkitPro/libctru/lib\libctru.a(synchronization.o)
                0x000000000011f974                RecursiveLock_Unlock
 .text.CondVar_Init
                0x000000000011f9c8        0xc C:/devkitPro/libctru/lib\libctru.a(synchronization.o)
                0x000000000011f9c8                CondVar_Init
 .text.CondVar_Wait
                0x000000000011f9d4       0x84 C:/devkitPro/libctru/lib\libctru.a(synchronization.o)
                0x000000000011f9d4                CondVar_Wait
 .text.CondVar_WakeUp
                0x000000000011fa58       0xac C:/devkitPro/libctru/lib\libctru.a(synchronization.o)
                0x000000000011fa58                CondVar_WakeUp
 .text.LightEvent_Init
                0x000000000011fb04       0x40 C:/devkitPro/libctru/lib\libctru.a(synchronization.o)
                0x000000000011fb04                LightEvent_Init
 .text.LightEvent_Clear
                0x000000000011fb44       0xa4 C:/devkitPro/libctru/lib\libctru.a(synchronization.o)
                0x000000000011fb44                LightEvent_Clear
 .text.LightEvent_Signal
                0x000000000011fbe8       0xc8 C:/devkitPro/libctru/lib\libctru.a(synchronization.o)
                0x000000000011fbe8                LightEvent_Signal
 .text.LightEvent_TryWait
                0x000000000011fcb0       0x50 C:/devkitPro/libctru/lib\libctru.a(synchronization.o)
                0x000000000011fcb0                LightEvent_TryWait
 .text.LightEvent_Wait
                0x000000000011fd00       0xb0 C:/devkitPro/libctru/lib\libctru.a(synchronization.o)
                0x000000000011fd00                LightEvent_Wait
 .text.LightSemaphore_Init
                0x000000000011fdb0       0x14 C:/devkitPro/libctru/lib\libctru.a(synchronization.o)
                0x000000000011fdb0                LightSemaphore_Init
 .text.LightSemaphore_Acquire
                0x000000000011fdc4       0x94 C:/devkitPro/libctru/lib\libctru.a(synchronization.o)
                0x000000000011fdc4                LightSemaphore_Acquire
 .text.LightSemaphore_Release
                0x000000000011fe58       0x64 C:/devkitPro/libctru/lib\libctru.a(synchronization.o)
                0x000000000011fe58                LightSemaphore_Release
 .text.osConvertVirtToPhys
                0x000000000011febc       0x74 C:/devkitPro/libctru/lib\libctru.a(os.o)
                0x000000000011febc                osConvertVirtToPhys
 .text.osGetTimeRef
                0x000000000011ff30       0x54 C:/devkitPro/libctru/lib\libctru.a(os.o)
                0x000000000011ff30                osGetTimeRef
 .text.osGetTime
                0x000000000011ff84       0xec C:/devkitPro/libctru/lib\libctru.a(os.o)
                0x000000000011ff84                osGetTime
 .text.__ctru_speedup_config
                0x0000000000120070       0x34 C:/devkitPro/libctru/lib\libctru.a(os.o)
                0x0000000000120070                __ctru_speedup_config
 .text.parseColor
                0x00000000001200a4      0x1e8 C:/devkitPro/libctru/lib\libctru.a(console.o)
 .text.consoleDrawChar
                0x000000000012028c      0x1ac C:/devkitPro/libctru/lib\libctru.a(console.o)
                0x000000000012028c                consoleDrawChar
 .text.consolePrintChar
                0x0000000000120438      0x124 C:/devkitPro/libctru/lib\libctru.a(console.o)
                0x0000000000120438                consolePrintChar
 .text.con_write
                0x000000000012055c      0xb94 C:/devkitPro/libctru/lib\libctru.a(console.o)
                0x000000000012055c                con_write
 .text.newRow   0x00000000001210f0       0xfc C:/devkitPro/libctru/lib\libctru.a(console.o)
 .text.consoleInit
                0x00000000001211ec      0x168 C:/devkitPro/libctru/lib\libctru.a(console.o)
                0x00000000001211ec                consoleInit
 .text.gfxPresentFramebuffer
                0x0000000000121354       0xd0 C:/devkitPro/libctru/lib\libctru.a(gfx.o)
 .text.gfxSet3D
                0x0000000000121424       0x10 C:/devkitPro/libctru/lib\libctru.a(gfx.o)
                0x0000000000121424                gfxSet3D
 .text.gfxIsWide
                0x0000000000121434       0x1c C:/devkitPro/libctru/lib\libctru.a(gfx.o)
                0x0000000000121434                gfxIsWide
 .text.gfxSetScreenFormat
                0x0000000000121450       0xec C:/devkitPro/libctru/lib\libctru.a(gfx.o)
                0x0000000000121450                gfxSetScreenFormat
 .text.gfxSetDoubleBuffering
                0x000000000012153c       0x10 C:/devkitPro/libctru/lib\libctru.a(gfx.o)
                0x000000000012153c                gfxSetDoubleBuffering
 .text.gfxInit  0x000000000012154c       0xe0 C:/devkitPro/libctru/lib\libctru.a(gfx.o)
                0x000000000012154c                gfxInit
 .text.gfxInitDefault
                0x000000000012162c       0x10 C:/devkitPro/libctru/lib\libctru.a(gfx.o)
                0x000000000012162c                gfxInitDefault
 .text.gfxExit  0x000000000012163c       0xb4 C:/devkitPro/libctru/lib\libctru.a(gfx.o)
                0x000000000012163c                gfxExit
 .text.gfxGetFramebuffer
                0x00000000001216f0       0xa0 C:/devkitPro/libctru/lib\libctru.a(gfx.o)
                0x00000000001216f0                gfxGetFramebuffer
 .text.gfxFlushBuffers
                0x0000000000121790      0x104 C:/devkitPro/libctru/lib\libctru.a(gfx.o)
                0x0000000000121790                gfxFlushBuffers
 .text.gfxScreenSwapBuffers
                0x0000000000121894       0x30 C:/devkitPro/libctru/lib\libctru.a(gfx.o)
                0x0000000000121894                gfxScreenSwapBuffers
 .text.gfxSwapBuffersGpu
                0x00000000001218c4       0x50 C:/devkitPro/libctru/lib\libctru.a(gfx.o)
                0x00000000001218c4                gfxSwapBuffersGpu
 .text.threadCreate
                0x0000000000121914      0x178 C:/devkitPro/libctru/lib\libctru.a(thread.o)
                0x0000000000121914                threadCreate
 .text.threadGetHandle
                0x0000000000121a8c       0x24 C:/devkitPro/libctru/lib\libctru.a(thread.o)
                0x0000000000121a8c                threadGetHandle
 .text.threadFree
                0x0000000000121ab0       0x2c C:/devkitPro/libctru/lib\libctru.a(thread.o)
                0x0000000000121ab0                threadFree
 .text.threadJoin
                0x0000000000121adc       0x24 C:/devkitPro/libctru/lib\libctru.a(thread.o)
                0x0000000000121adc                threadJoin
 .text.threadGetCurrent
                0x0000000000121b00       0x30 C:/devkitPro/libctru/lib\libctru.a(thread.o)
                0x0000000000121b00                threadGetCurrent
 .text.threadExit
                0x0000000000121b30       0x40 C:/devkitPro/libctru/lib\libctru.a(thread.o)
                0x0000000000121b30                threadExit
 .text._thread_begin
                0x0000000000121b70       0x20 C:/devkitPro/libctru/lib\libctru.a(thread.o)
 .text.shaderInstanceInit
                0x0000000000121b90      0x1d4 C:/devkitPro/libctru/lib\libctru.a(shaderProgram.o)
                0x0000000000121b90                shaderInstanceInit
 .text.shaderInstanceGetUniformLocation
                0x0000000000121d64       0x18 C:/devkitPro/libctru/lib\libctru.a(shaderProgram.o)
                0x0000000000121d64                shaderInstanceGetUniformLocation
 .text.shaderProgramInit
                0x0000000000121d7c       0x1c C:/devkitPro/libctru/lib\libctru.a(shaderProgram.o)
                0x0000000000121d7c                shaderProgramInit
 .text.shaderProgramFree
                0x0000000000121d98       0x64 C:/devkitPro/libctru/lib\libctru.a(shaderProgram.o)
                0x0000000000121d98                shaderProgramFree
 .text.shaderProgramSetVsh
                0x0000000000121dfc       0x80 C:/devkitPro/libctru/lib\libctru.a(shaderProgram.o)
                0x0000000000121dfc                shaderProgramSetVsh
 .text.shaderProgramConfigure
                0x0000000000121e7c      0x8e0 C:/devkitPro/libctru/lib\libctru.a(shaderProgram.o)
                0x0000000000121e7c                shaderProgramConfigure
 .text.DVLE_GenerateOutmap.part.0
                0x000000000012275c      0x1cc C:/devkitPro/libctru/lib\libctru.a(shbin.o)
 .text.DVLB_ParseFile
                0x0000000000122928      0x1b4 C:/devkitPro/libctru/lib\libctru.a(shbin.o)
                0x0000000000122928                DVLB_ParseFile
 .text.DVLB_Free
                0x0000000000122adc       0x38 C:/devkitPro/libctru/lib\libctru.a(shbin.o)
                0x0000000000122adc                DVLB_Free
 .text.DVLE_GetUniformRegister
                0x0000000000122b14       0x74 C:/devkitPro/libctru/lib\libctru.a(shbin.o)
                0x0000000000122b14                DVLE_GetUniformRegister
 .text.GX_BindQueue
                0x0000000000122b88       0x10 C:/devkitPro/libctru/lib\libctru.a(gx.o)
                0x0000000000122b88                GX_BindQueue
 .text.GX_ProcessCommandList
                0x0000000000122b98       0x78 C:/devkitPro/libctru/lib\libctru.a(gx.o)
                0x0000000000122b98                GX_ProcessCommandList
 .text.GX_MemoryFill
                0x0000000000122c10       0x74 C:/devkitPro/libctru/lib\libctru.a(gx.o)
                0x0000000000122c10                GX_MemoryFill
 .text.GX_DisplayTransfer
                0x0000000000122c84       0x70 C:/devkitPro/libctru/lib\libctru.a(gx.o)
                0x0000000000122c84                GX_DisplayTransfer
 .text.gxCmdQueueDoCommands.part.0
                0x0000000000122cf4       0x68 C:/devkitPro/libctru/lib\libctru.a(gxqueue.o)
 .text.gxCmdQueueInterrupt
                0x0000000000122d5c       0xc8 C:/devkitPro/libctru/lib\libctru.a(gxqueue.o)
                0x0000000000122d5c                gxCmdQueueInterrupt
 .text.gxCmdQueueClear
                0x0000000000122e24       0x4c C:/devkitPro/libctru/lib\libctru.a(gxqueue.o)
                0x0000000000122e24                gxCmdQueueClear
 .text.gxCmdQueueAdd
                0x0000000000122e70       0xf8 C:/devkitPro/libctru/lib\libctru.a(gxqueue.o)
                0x0000000000122e70                gxCmdQueueAdd
 .text.gxCmdQueueRun
                0x0000000000122f68       0x80 C:/devkitPro/libctru/lib\libctru.a(gxqueue.o)
                0x0000000000122f68                gxCmdQueueRun
 .text.gxCmdQueueStop
                0x0000000000122fe8       0x60 C:/devkitPro/libctru/lib\libctru.a(gxqueue.o)
                0x0000000000122fe8                gxCmdQueueStop
 .text.gxCmdQueueWait
                0x0000000000123048       0x74 C:/devkitPro/libctru/lib\libctru.a(gxqueue.o)
                0x0000000000123048                gxCmdQueueWait
 .text.GPUCMD_Add
                0x00000000001230bc      0x13c C:/devkitPro/libctru/lib\libctru.a(gpu.o)
                0x00000000001230bc                GPUCMD_Add
 .text.GPUCMD_Split
                0x00000000001231f8       0xb0 C:/devkitPro/libctru/lib\libctru.a(gpu.o)
                0x00000000001231f8                GPUCMD_Split
 .text.f32tof16
                0x00000000001232a8       0x34 C:/devkitPro/libctru/lib\libctru.a(gpu.o)
                0x00000000001232a8                f32tof16
 .text.f32tof24
                0x00000000001232dc       0x34 C:/devkitPro/libctru/lib\libctru.a(gpu.o)
                0x00000000001232dc                f32tof24
 .text.f32tof31
                0x0000000000123310       0x38 C:/devkitPro/libctru/lib\libctru.a(gpu.o)
                0x0000000000123310                f32tof31
 .text.ndspUpdateMaster
                0x0000000000123348      0x158 C:/devkitPro/libctru/lib\libctru.a(ndsp.o)
 .text.ndspFinalize
                0x00000000001234a0      0x110 C:/devkitPro/libctru/lib\libctru.a(ndsp.o)
 .text.ndspInitialize.part.0
                0x00000000001235b0      0x250 C:/devkitPro/libctru/lib\libctru.a(ndsp.o)
 .text.ndspHookCallback
                0x0000000000123800       0xfc C:/devkitPro/libctru/lib\libctru.a(ndsp.o)
 *fill*         0x00000000001238fc        0x4 
 .text.ndspThreadMain
                0x0000000000123900      0x310 C:/devkitPro/libctru/lib\libctru.a(ndsp.o)
 .text.ndspInit
                0x0000000000123c10      0x3c8 C:/devkitPro/libctru/lib\libctru.a(ndsp.o)
                0x0000000000123c10                ndspInit
 .text.ndspExit
                0x0000000000123fd8       0xcc C:/devkitPro/libctru/lib\libctru.a(ndsp.o)
                0x0000000000123fd8                ndspExit
 .text.ndspSetCallback
                0x00000000001240a4       0x10 C:/devkitPro/libctru/lib\libctru.a(ndsp.o)
                0x00000000001240a4                ndspSetCallback
 .text.ndspChnReset
                0x00000000001240b4       0xe4 C:/devkitPro/libctru/lib\libctru.a(ndsp-channel.o)
                0x00000000001240b4                ndspChnReset
 .text.ndspChnSetFormat
                0x0000000000124198       0x18 C:/devkitPro/libctru/lib\libctru.a(ndsp-channel.o)
                0x0000000000124198                ndspChnSetFormat
 .text.ndspChnSetInterp
                0x00000000001241b0       0x48 C:/devkitPro/libctru/lib\libctru.a(ndsp-channel.o)
                0x00000000001241b0                ndspChnSetInterp
 .text.ndspChnSetRate
                0x00000000001241f8       0x5c C:/devkitPro/libctru/lib\libctru.a(ndsp-channel.o)
                0x00000000001241f8                ndspChnSetRate
 .text.ndspChnSetMix
                0x0000000000124254       0x88 C:/devkitPro/libctru/lib\libctru.a(ndsp-channel.o)
                0x0000000000124254                ndspChnSetMix
 .text.ndspChnWaveBufAdd
                0x00000000001242dc       0xbc C:/devkitPro/libctru/lib\libctru.a(ndsp-channel.o)
                0x00000000001242dc                ndspChnWaveBufAdd
 .text.ndspiInitChn
                0x0000000000124398       0x40 C:/devkitPro/libctru/lib\libctru.a(ndsp-channel.o)
                0x0000000000124398                ndspiInitChn
 .text.ndspiDirtyChn
                0x00000000001243d8       0x2c C:/devkitPro/libctru/lib\libctru.a(ndsp-channel.o)
                0x00000000001243d8                ndspiDirtyChn
 .text.ndspiUpdateChn
                0x0000000000124404      0x444 C:/devkitPro/libctru/lib\libctru.a(ndsp-channel.o)
                0x0000000000124404                ndspiUpdateChn
 .text.ndspiReadChnState
                0x0000000000124848      0x184 C:/devkitPro/libctru/lib\libctru.a(ndsp-channel.o)
                0x0000000000124848                ndspiReadChnState
 .text.irrstInit
                0x00000000001249cc      0x164 C:/devkitPro/libctru/lib\libctru.a(irrst.o)
                0x00000000001249cc                irrstInit
 .text.irrstExit
                0x0000000000124b30       0xcc C:/devkitPro/libctru/lib\libctru.a(irrst.o)
                0x0000000000124b30                irrstExit
 .text.irrstScanInput
                0x0000000000124bfc       0xb4 C:/devkitPro/libctru/lib\libctru.a(irrst.o)
                0x0000000000124bfc                irrstScanInput
 .text.irrstKeysHeld
                0x0000000000124cb0       0x24 C:/devkitPro/libctru/lib\libctru.a(irrst.o)
                0x0000000000124cb0                irrstKeysHeld
 .text.irrstCstickRead
                0x0000000000124cd4       0x18 C:/devkitPro/libctru/lib\libctru.a(irrst.o)
                0x0000000000124cd4                irrstCstickRead
 .text.cfguInit
                0x0000000000124cec       0xa4 C:/devkitPro/libctru/lib\libctru.a(cfgu.o)
                0x0000000000124cec                cfguInit
 .text.cfguExit
                0x0000000000124d90       0x3c C:/devkitPro/libctru/lib\libctru.a(cfgu.o)
                0x0000000000124d90                cfguExit
 .text.CFGU_GetConfigInfoBlk2
                0x0000000000124dcc       0x4c C:/devkitPro/libctru/lib\libctru.a(cfgu.o)
                0x0000000000124dcc                CFGU_GetConfigInfoBlk2
 .text.DSP_LoadComponent.part.0
                0x0000000000124e18       0xa4 C:/devkitPro/libctru/lib\libctru.a(dsp.o)
 .text.dspInit  0x0000000000124ebc       0xdc C:/devkitPro/libctru/lib\libctru.a(dsp.o)
                0x0000000000124ebc                dspInit
 .text.dspExit  0x0000000000124f98       0x80 C:/devkitPro/libctru/lib\libctru.a(dsp.o)
                0x0000000000124f98                dspExit
 .text.dspHook  0x0000000000125018       0x24 C:/devkitPro/libctru/lib\libctru.a(dsp.o)
                0x0000000000125018                dspHook
 .text.dspUnhook
                0x000000000012503c       0x30 C:/devkitPro/libctru/lib\libctru.a(dsp.o)
                0x000000000012503c                dspUnhook
 .text.aptDspSleep
                0x000000000012506c       0xb0 C:/devkitPro/libctru/lib\libctru.a(dsp.o)
                0x000000000012506c                aptDspSleep
 .text.aptDspWakeup
                0x000000000012511c       0xb8 C:/devkitPro/libctru/lib\libctru.a(dsp.o)
                0x000000000012511c                aptDspWakeup
 .text.aptDspCancel
                0x00000000001251d4       0x44 C:/devkitPro/libctru/lib\libctru.a(dsp.o)
                0x00000000001251d4                aptDspCancel
 .text.DSP_FlushDataCache
                0x0000000000125218       0x50 C:/devkitPro/libctru/lib\libctru.a(dsp.o)
                0x0000000000125218                DSP_FlushDataCache
 .text.DSP_SetSemaphore
                0x0000000000125268       0x34 C:/devkitPro/libctru/lib\libctru.a(dsp.o)
                0x0000000000125268                DSP_SetSemaphore
 .text.DSP_SetSemaphoreMask
                0x000000000012529c       0x34 C:/devkitPro/libctru/lib\libctru.a(dsp.o)
                0x000000000012529c                DSP_SetSemaphoreMask
 .text.DSP_GetSemaphoreHandle
                0x00000000001252d0       0x38 C:/devkitPro/libctru/lib\libctru.a(dsp.o)
                0x00000000001252d0                DSP_GetSemaphoreHandle
 .text.DSP_LoadComponent
                0x0000000000125308       0x3c C:/devkitPro/libctru/lib\libctru.a(dsp.o)
                0x0000000000125308                DSP_LoadComponent
 .text.DSP_RegisterInterruptEvents
                0x0000000000125344       0x44 C:/devkitPro/libctru/lib\libctru.a(dsp.o)
                0x0000000000125344                DSP_RegisterInterruptEvents
 .text.DSP_ReadPipeIfPossible
                0x0000000000125388       0x74 C:/devkitPro/libctru/lib\libctru.a(dsp.o)
                0x0000000000125388                DSP_ReadPipeIfPossible
 .text.DSP_WriteProcessPipe
                0x00000000001253fc       0x4c C:/devkitPro/libctru/lib\libctru.a(dsp.o)
                0x00000000001253fc                DSP_WriteProcessPipe
 .text.DSP_ConvertProcessAddressFromDspDram
                0x0000000000125448       0x40 C:/devkitPro/libctru/lib\libctru.a(dsp.o)
                0x0000000000125448                DSP_ConvertProcessAddressFromDspDram
 .text.DSP_RecvData
                0x0000000000125488       0x40 C:/devkitPro/libctru/lib\libctru.a(dsp.o)
                0x0000000000125488                DSP_RecvData
 .text.DSP_RecvDataIsReady
                0x00000000001254c8       0x4c C:/devkitPro/libctru/lib\libctru.a(dsp.o)
                0x00000000001254c8                DSP_RecvDataIsReady
 .text.gspHardwareInit
                0x0000000000125514      0xc58 C:/devkitPro/libctru/lib\libctru.a(gspgpu.o)
 .text.gspInit  0x000000000012616c      0x248 C:/devkitPro/libctru/lib\libctru.a(gspgpu.o)
                0x000000000012616c                gspInit
 .text.gspExit  0x00000000001263b4       0xf0 C:/devkitPro/libctru/lib\libctru.a(gspgpu.o)
                0x00000000001263b4                gspExit
 .text.gspHasGpuRight
                0x00000000001264a4       0x10 C:/devkitPro/libctru/lib\libctru.a(gspgpu.o)
                0x00000000001264a4                gspHasGpuRight
 .text.gspPresentBuffer
                0x00000000001264b4       0xa0 C:/devkitPro/libctru/lib\libctru.a(gspgpu.o)
                0x00000000001264b4                gspPresentBuffer
 .text.gspSetEventCallback
                0x0000000000126554       0x30 C:/devkitPro/libctru/lib\libctru.a(gspgpu.o)
                0x0000000000126554                gspSetEventCallback
 .text.gspWaitForEvent
                0x0000000000126584       0x44 C:/devkitPro/libctru/lib\libctru.a(gspgpu.o)
                0x0000000000126584                gspWaitForEvent
 .text.gspWaitForAnyEvent
                0x00000000001265c8       0x4c C:/devkitPro/libctru/lib\libctru.a(gspgpu.o)
                0x00000000001265c8                gspWaitForAnyEvent
 .text.gspEventThreadMain
                0x0000000000126614      0x158 C:/devkitPro/libctru/lib\libctru.a(gspgpu.o)
 .text.gspSubmitGxCommand
                0x000000000012676c      0x130 C:/devkitPro/libctru/lib\libctru.a(gspgpu.o)
                0x000000000012676c                gspSubmitGxCommand
 .text.GSPGPU_FlushDataCache
                0x000000000012689c       0x50 C:/devkitPro/libctru/lib\libctru.a(gspgpu.o)
                0x000000000012689c                GSPGPU_FlushDataCache
 .text.GSPGPU_SetLcdForceBlack
                0x00000000001268ec       0x34 C:/devkitPro/libctru/lib\libctru.a(gspgpu.o)
                0x00000000001268ec                GSPGPU_SetLcdForceBlack
 .text.GSPGPU_AcquireRight
                0x0000000000126920       0x68 C:/devkitPro/libctru/lib\libctru.a(gspgpu.o)
                0x0000000000126920                GSPGPU_AcquireRight
 .text.GSPGPU_ReleaseRight
                0x0000000000126988       0x48 C:/devkitPro/libctru/lib\libctru.a(gspgpu.o)
                0x0000000000126988                GSPGPU_ReleaseRight
 .text.GSPGPU_ImportDisplayCaptureInfo
                0x00000000001269d0       0x7c C:/devkitPro/libctru/lib\libctru.a(gspgpu.o)
                0x00000000001269d0                GSPGPU_ImportDisplayCaptureInfo
 .text.GSPGPU_SaveVramSysArea
                0x0000000000126a4c       0x2c C:/devkitPro/libctru/lib\libctru.a(gspgpu.o)
                0x0000000000126a4c                GSPGPU_SaveVramSysArea
 .text.GSPGPU_RestoreVramSysArea
                0x0000000000126a78       0x2c C:/devkitPro/libctru/lib\libctru.a(gspgpu.o)
                0x0000000000126a78                GSPGPU_RestoreVramSysArea
 .text.aptConvertScreenForCapture
                0x0000000000126aa4      0x1a4 C:/devkitPro/libctru/lib\libctru.a(apt.o)
 .text.aptSendCommand
                0x0000000000126c48      0x158 C:/devkitPro/libctru/lib\libctru.a(apt.o)
                0x0000000000126c48                aptSendCommand
 .text.aptExitProcess
                0x0000000000126da0       0x44 C:/devkitPro/libctru/lib\libctru.a(apt.o)
 .text.aptIsActive
                0x0000000000126de4       0x14 C:/devkitPro/libctru/lib\libctru.a(apt.o)
                0x0000000000126de4                aptIsActive
 .text.aptExit  0x0000000000126df8      0x2f4 C:/devkitPro/libctru/lib\libctru.a(apt.o)
                0x0000000000126df8                aptExit
 .text.aptHandleSleep
                0x00000000001270ec       0xe0 C:/devkitPro/libctru/lib\libctru.a(apt.o)
                0x00000000001270ec                aptHandleSleep
 .text.aptHook  0x00000000001271cc       0x30 C:/devkitPro/libctru/lib\libctru.a(apt.o)
                0x00000000001271cc                aptHook
 .text.aptUnhook
                0x00000000001271fc       0x30 C:/devkitPro/libctru/lib\libctru.a(apt.o)
                0x00000000001271fc                aptUnhook
 .text.APT_SleepIfShellClosed
                0x000000000012722c       0x84 C:/devkitPro/libctru/lib\libctru.a(apt.o)
                0x000000000012722c                APT_SleepIfShellClosed
 .text.aptSetSleepAllowed
                0x00000000001272b0       0x84 C:/devkitPro/libctru/lib\libctru.a(apt.o)
                0x00000000001272b0                aptSetSleepAllowed
 .text.APT_UnlockTransition
                0x0000000000127334       0x84 C:/devkitPro/libctru/lib\libctru.a(apt.o)
                0x0000000000127334                APT_UnlockTransition
 .text.aptEventHandler
                0x00000000001273b8      0x4a4 C:/devkitPro/libctru/lib\libctru.a(apt.o)
 .text.APT_ReceiveParameter
                0x000000000012785c       0xb0 C:/devkitPro/libctru/lib\libctru.a(apt.o)
                0x000000000012785c                APT_ReceiveParameter
 .text.aptReceiveParameter.constprop.0
                0x000000000012790c       0xb0 C:/devkitPro/libctru/lib\libctru.a(apt.o)
 *fill*         0x00000000001279bc        0x4 
 .text.aptScreenTransfer
                0x00000000001279c0      0x2ac C:/devkitPro/libctru/lib\libctru.a(apt.o)
 .text.aptWaitForWakeUp.isra.0
                0x0000000000127c6c      0x344 C:/devkitPro/libctru/lib\libctru.a(apt.o)
 .text.aptJumpToHomeMenu
                0x0000000000127fb0      0x100 C:/devkitPro/libctru/lib\libctru.a(apt.o)
                0x0000000000127fb0                aptJumpToHomeMenu
 .text.aptMainLoop
                0x00000000001280b0       0x48 C:/devkitPro/libctru/lib\libctru.a(apt.o)
                0x00000000001280b0                aptMainLoop
 .text.aptInit  0x00000000001280f8      0x22c C:/devkitPro/libctru/lib\libctru.a(apt.o)
                0x00000000001280f8                aptInit
 .text.APT_CheckNew3DS
                0x0000000000128324       0x7c C:/devkitPro/libctru/lib\libctru.a(apt.o)
                0x0000000000128324                APT_CheckNew3DS
 .text.hidShouldUseIrrst
                0x00000000001283a0       0x24 C:/devkitPro/libctru/lib\libctru.a(hid.o)
                0x00000000001283a0                hidShouldUseIrrst
 .text.hidInit  0x00000000001283c4      0x18c C:/devkitPro/libctru/lib\libctru.a(hid.o)
                0x00000000001283c4                hidInit
 .text.hidExit  0x0000000000128550       0xe8 C:/devkitPro/libctru/lib\libctru.a(hid.o)
                0x0000000000128550                hidExit
 .text.hidScanInput
                0x0000000000128638      0x2a4 C:/devkitPro/libctru/lib\libctru.a(hid.o)
                0x0000000000128638                hidScanInput
 .text.hidKeysHeld
                0x00000000001288dc       0x10 C:/devkitPro/libctru/lib\libctru.a(hid.o)
                0x00000000001288dc                hidKeysHeld
 .text.hidKeysDown
                0x00000000001288ec       0x10 C:/devkitPro/libctru/lib\libctru.a(hid.o)
                0x00000000001288ec                hidKeysDown
 .text.hidKeysUp
                0x00000000001288fc       0x10 C:/devkitPro/libctru/lib\libctru.a(hid.o)
                0x00000000001288fc                hidKeysUp
 .text.hidTouchRead
                0x000000000012890c       0x18 C:/devkitPro/libctru/lib\libctru.a(hid.o)
                0x000000000012890c                hidTouchRead
 .text.hidCircleRead
                0x0000000000128924       0x18 C:/devkitPro/libctru/lib\libctru.a(hid.o)
                0x0000000000128924                hidCircleRead
 .text.ptmSysmInit
                0x000000000012893c       0x74 C:/devkitPro/libctru/lib\libctru.a(ptmsysm.o)
                0x000000000012893c                ptmSysmInit
 .text.ptmSysmExit
                0x00000000001289b0       0x3c C:/devkitPro/libctru/lib\libctru.a(ptmsysm.o)
                0x00000000001289b0                ptmSysmExit
 .text.PTMSYSM_ConfigureNew3DSCPU
                0x00000000001289ec       0x34 C:/devkitPro/libctru/lib\libctru.a(ptmsysm.o)
                0x00000000001289ec                PTMSYSM_ConfigureNew3DSCPU
 .text.fsInit   0x0000000000128a20       0xcc C:/devkitPro/libctru/lib\libctru.a(fs.o)
                0x0000000000128a20                fsInit
 .text.fsExit   0x0000000000128aec       0x3c C:/devkitPro/libctru/lib\libctru.a(fs.o)
                0x0000000000128aec                fsExit
 .text.fsExemptFromSession
                0x0000000000128b28       0x60 C:/devkitPro/libctru/lib\libctru.a(fs.o)
                0x0000000000128b28                fsExemptFromSession
 .text.fsUnexemptFromSession
                0x0000000000128b88       0x50 C:/devkitPro/libctru/lib\libctru.a(fs.o)
                0x0000000000128b88                fsUnexemptFromSession
 .text.FSUSER_OpenFile
                0x0000000000128bd8       0xcc C:/devkitPro/libctru/lib\libctru.a(fs.o)
                0x0000000000128bd8                FSUSER_OpenFile
 .text.FSUSER_OpenFileDirectly
                0x0000000000128ca4       0xd4 C:/devkitPro/libctru/lib\libctru.a(fs.o)
                0x0000000000128ca4                FSUSER_OpenFileDirectly
 .text.FSUSER_DeleteFile
                0x0000000000128d78       0xbc C:/devkitPro/libctru/lib\libctru.a(fs.o)
                0x0000000000128d78                FSUSER_DeleteFile
 .text.FSUSER_RenameFile
                0x0000000000128e34       0xf8 C:/devkitPro/libctru/lib\libctru.a(fs.o)
                0x0000000000128e34                FSUSER_RenameFile
 .text.FSUSER_DeleteDirectory
                0x0000000000128f2c       0xbc C:/devkitPro/libctru/lib\libctru.a(fs.o)
                0x0000000000128f2c                FSUSER_DeleteDirectory
 .text.FSUSER_CreateFile
                0x0000000000128fe8       0xd4 C:/devkitPro/libctru/lib\libctru.a(fs.o)
                0x0000000000128fe8                FSUSER_CreateFile
 .text.FSUSER_CreateDirectory
                0x00000000001290bc       0xc4 C:/devkitPro/libctru/lib\libctru.a(fs.o)
                0x00000000001290bc                FSUSER_CreateDirectory
 .text.FSUSER_RenameDirectory
                0x0000000000129180       0xf8 C:/devkitPro/libctru/lib\libctru.a(fs.o)
                0x0000000000129180                FSUSER_RenameDirectory
 .text.FSUSER_OpenDirectory
                0x0000000000129278       0xb4 C:/devkitPro/libctru/lib\libctru.a(fs.o)
                0x0000000000129278                FSUSER_OpenDirectory
 .text.FSUSER_OpenArchive
                0x000000000012932c       0x98 C:/devkitPro/libctru/lib\libctru.a(fs.o)
                0x000000000012932c                FSUSER_OpenArchive
 .text.FSUSER_CloseArchive
                0x00000000001293c4       0x8c C:/devkitPro/libctru/lib\libctru.a(fs.o)
                0x00000000001293c4                FSUSER_CloseArchive
 .text.FSUSER_GetSdmcArchiveResource
                0x0000000000129450       0x74 C:/devkitPro/libctru/lib\libctru.a(fs.o)
                0x0000000000129450                FSUSER_GetSdmcArchiveResource
 .text.FSUSER_IsSdmcWritable
                0x00000000001294c4       0x64 C:/devkitPro/libctru/lib\libctru.a(fs.o)
                0x00000000001294c4                FSUSER_IsSdmcWritable
 .text.FSFILE_Read
                0x0000000000129528       0x58 C:/devkitPro/libctru/lib\libctru.a(fs.o)
                0x0000000000129528                FSFILE_Read
 .text.FSFILE_Write
                0x0000000000129580       0x60 C:/devkitPro/libctru/lib\libctru.a(fs.o)
                0x0000000000129580                FSFILE_Write
 .text.FSFILE_GetSize
                0x00000000001295e0       0x3c C:/devkitPro/libctru/lib\libctru.a(fs.o)
                0x00000000001295e0                FSFILE_GetSize
 .text.FSFILE_SetSize
                0x000000000012961c       0x28 C:/devkitPro/libctru/lib\libctru.a(fs.o)
                0x000000000012961c                FSFILE_SetSize
 .text.FSFILE_Close
                0x0000000000129644       0x3c C:/devkitPro/libctru/lib\libctru.a(fs.o)
                0x0000000000129644                FSFILE_Close
 .text.FSFILE_Flush
                0x0000000000129680       0x24 C:/devkitPro/libctru/lib\libctru.a(fs.o)
                0x0000000000129680                FSFILE_Flush
 .text.FSDIR_Read
                0x00000000001296a4       0x50 C:/devkitPro/libctru/lib\libctru.a(fs.o)
                0x00000000001296a4                FSDIR_Read
 .text.FSDIR_Close
                0x00000000001296f4       0x3c C:/devkitPro/libctru/lib\libctru.a(fs.o)
                0x00000000001296f4                FSDIR_Close
 .text.rbtree_init
                0x0000000000129730       0x10 C:/devkitPro/libctru/lib\libctru.a(rbtree_init.o)
                0x0000000000129730                rbtree_init
 .text.do_insert
                0x0000000000129740      0x1b4 C:/devkitPro/libctru/lib\libctru.a(rbtree_insert.o)
 .text.rbtree_insert
                0x00000000001298f4        0x8 C:/devkitPro/libctru/lib\libctru.a(rbtree_insert.o)
                0x00000000001298f4                rbtree_insert
 .text.rbtree_rotate
                0x00000000001298fc       0x90 C:/devkitPro/libctru/lib\libctru.a(rbtree_rotate.o)
                0x00000000001298fc                rbtree_rotate
 .text.rbtree_remove
                0x000000000012998c      0x318 C:/devkitPro/libctru/lib\libctru.a(rbtree_remove.o)
                0x000000000012998c                rbtree_remove
 .text.rbtree_find
                0x0000000000129ca4       0x74 C:/devkitPro/libctru/lib\libctru.a(rbtree_find.o)
                0x0000000000129ca4                rbtree_find
 .text.__syscall_getreent
                0x0000000000129d18       0x30 C:/devkitPro/libctru/lib\libctru.a(syscalls.o)
                0x0000000000129d18                __syscall_getreent
 .text.__syscall_gettod_r
                0x0000000000129d48       0x74 C:/devkitPro/libctru/lib\libctru.a(syscalls.o)
                0x0000000000129d48                __syscall_gettod_r
 .text.__syscall_lock_acquire
                0x0000000000129dbc        0x4 C:/devkitPro/libctru/lib\libctru.a(syscalls.o)
                0x0000000000129dbc                __syscall_lock_acquire
 .text.__syscall_lock_release
                0x0000000000129dc0        0x4 C:/devkitPro/libctru/lib\libctru.a(syscalls.o)
                0x0000000000129dc0                __syscall_lock_release
 .text.__syscall_lock_init_recursive
                0x0000000000129dc4        0x4 C:/devkitPro/libctru/lib\libctru.a(syscalls.o)
                0x0000000000129dc4                __syscall_lock_init_recursive
 .text.__syscall_lock_acquire_recursive
                0x0000000000129dc8        0x4 C:/devkitPro/libctru/lib\libctru.a(syscalls.o)
                0x0000000000129dc8                __syscall_lock_acquire_recursive
 .text.__syscall_lock_release_recursive
                0x0000000000129dcc        0x4 C:/devkitPro/libctru/lib\libctru.a(syscalls.o)